../SDK/startup/startup_mk64f12.c:427:6:data_init	4	static
../SDK/startup/startup_mk64f12.c:436:6:bss_init	0	static
../SDK/startup/startup_mk64f12.c:461:6:ResetISR	8	static
../SDK/startup/startup_mk64f12.c:567:14:NMI_Handler	0	static
../SDK/startup/startup_mk64f12.c:571:14:HardFault_Handler	0	static
../SDK/startup/startup_mk64f12.c:575:14:MemManage_Handler	0	static
../SDK/startup/startup_mk64f12.c:579:14:BusFault_Handler	0	static
../SDK/startup/startup_mk64f12.c:583:14:UsageFault_Handler	0	static
../SDK/startup/startup_mk64f12.c:587:14:SVC_Handler	0	static
../SDK/startup/startup_mk64f12.c:591:14:DebugMon_Handler	0	static
../SDK/startup/startup_mk64f12.c:595:14:PendSV_Handler	0	static
../SDK/startup/startup_mk64f12.c:599:14:SysTick_Handler	0	static
../SDK/startup/startup_mk64f12.c:607:14:IntDefaultHandler	0	static
../SDK/startup/startup_mk64f12.c:617:11:DMA0_IRQHandler	8	static
../SDK/startup/startup_mk64f12.c:621:11:DMA1_IRQHandler	8	static
../SDK/startup/startup_mk64f12.c:625:11:DMA2_IRQHandler	8	static
../SDK/startup/startup_mk64f12.c:629:11:DMA3_IRQHandler	8	static
../SDK/startup/startup_mk64f12.c:633:11:DMA4_IRQHandler	8	static
../SDK/startup/startup_mk64f12.c:637:11:DMA5_IRQHandler	8	static
../SDK/startup/startup_mk64f12.c:641:11:DMA6_IRQHandler	8	static
../SDK/startup/startup_mk64f12.c:645:11:DMA7_IRQHandler	8	static
../SDK/startup/startup_mk64f12.c:649:11:DMA8_IRQHandler	8	static
../SDK/startup/startup_mk64f12.c:653:11:DMA9_IRQHandler	8	static
../SDK/startup/startup_mk64f12.c:657:11:DMA10_IRQHandler	8	static
../SDK/startup/startup_mk64f12.c:661:11:DMA11_IRQHandler	8	static
../SDK/startup/startup_mk64f12.c:665:11:DMA12_IRQHandler	8	static
../SDK/startup/startup_mk64f12.c:669:11:DMA13_IRQHandler	8	static
../SDK/startup/startup_mk64f12.c:673:11:DMA14_IRQHandler	8	static
../SDK/startup/startup_mk64f12.c:677:11:DMA15_IRQHandler	8	static
../SDK/startup/startup_mk64f12.c:681:11:DMA_Error_IRQHandler	8	static
../SDK/startup/startup_mk64f12.c:685:11:MCM_IRQHandler	8	static
../SDK/startup/startup_mk64f12.c:689:11:FTFE_IRQHandler	8	static
../SDK/startup/startup_mk64f12.c:693:11:Read_Collision_IRQHandler	8	static
../SDK/startup/startup_mk64f12.c:697:11:LVD_LVW_IRQHandler	8	static
../SDK/startup/startup_mk64f12.c:701:11:LLWU_IRQHandler	8	static
../SDK/startup/startup_mk64f12.c:705:11:WDOG_EWM_IRQHandler	8	static
../SDK/startup/startup_mk64f12.c:709:11:RNG_IRQHandler	8	static
../SDK/startup/startup_mk64f12.c:713:11:I2C0_IRQHandler	8	static
../SDK/startup/startup_mk64f12.c:717:11:I2C1_IRQHandler	8	static
../SDK/startup/startup_mk64f12.c:721:11:SPI0_IRQHandler	8	static
../SDK/startup/startup_mk64f12.c:725:11:SPI1_IRQHandler	8	static
../SDK/startup/startup_mk64f12.c:729:11:I2S0_Tx_IRQHandler	8	static
../SDK/startup/startup_mk64f12.c:733:11:I2S0_Rx_IRQHandler	8	static
../SDK/startup/startup_mk64f12.c:737:11:UART0_LON_IRQHandler	8	static
../SDK/startup/startup_mk64f12.c:741:11:UART0_RX_TX_IRQHandler	8	static
../SDK/startup/startup_mk64f12.c:745:11:UART0_ERR_IRQHandler	8	static
../SDK/startup/startup_mk64f12.c:749:11:UART1_RX_TX_IRQHandler	8	static
../SDK/startup/startup_mk64f12.c:753:11:UART1_ERR_IRQHandler	8	static
../SDK/startup/startup_mk64f12.c:757:11:UART2_RX_TX_IRQHandler	8	static
../SDK/startup/startup_mk64f12.c:761:11:UART2_ERR_IRQHandler	8	static
../SDK/startup/startup_mk64f12.c:765:11:UART3_RX_TX_IRQHandler	8	static
../SDK/startup/startup_mk64f12.c:769:11:UART3_ERR_IRQHandler	8	static
../SDK/startup/startup_mk64f12.c:773:11:ADC0_IRQHandler	8	static
../SDK/startup/startup_mk64f12.c:777:11:CMP0_IRQHandler	8	static
../SDK/startup/startup_mk64f12.c:781:11:CMP1_IRQHandler	8	static
../SDK/startup/startup_mk64f12.c:785:11:FTM0_IRQHandler	8	static
../SDK/startup/startup_mk64f12.c:789:11:FTM1_IRQHandler	8	static
../SDK/startup/startup_mk64f12.c:793:11:FTM2_IRQHandler	8	static
../SDK/startup/startup_mk64f12.c:797:11:CMT_IRQHandler	8	static
../SDK/startup/startup_mk64f12.c:801:11:RTC_IRQHandler	8	static
../SDK/startup/startup_mk64f12.c:805:11:RTC_Seconds_IRQHandler	8	static
../SDK/startup/startup_mk64f12.c:809:11:PIT0_IRQHandler	8	static
../SDK/startup/startup_mk64f12.c:813:11:PIT1_IRQHandler	8	static
../SDK/startup/startup_mk64f12.c:817:11:PIT2_IRQHandler	8	static
../SDK/startup/startup_mk64f12.c:821:11:PIT3_IRQHandler	8	static
../SDK/startup/startup_mk64f12.c:825:11:PDB0_IRQHandler	8	static
../SDK/startup/startup_mk64f12.c:829:11:USB0_IRQHandler	8	static
../SDK/startup/startup_mk64f12.c:833:11:USBDCD_IRQHandler	8	static
../SDK/startup/startup_mk64f12.c:837:11:Reserved71_IRQHandler	8	static
../SDK/startup/startup_mk64f12.c:841:11:DAC0_IRQHandler	8	static
../SDK/startup/startup_mk64f12.c:845:11:MCG_IRQHandler	8	static
../SDK/startup/startup_mk64f12.c:849:11:LPTMR0_IRQHandler	8	static
../SDK/startup/startup_mk64f12.c:853:11:PORTA_IRQHandler	8	static
../SDK/startup/startup_mk64f12.c:857:11:PORTB_IRQHandler	8	static
../SDK/startup/startup_mk64f12.c:861:11:PORTC_IRQHandler	8	static
../SDK/startup/startup_mk64f12.c:865:11:PORTD_IRQHandler	8	static
../SDK/startup/startup_mk64f12.c:869:11:PORTE_IRQHandler	8	static
../SDK/startup/startup_mk64f12.c:873:11:SWI_IRQHandler	8	static
../SDK/startup/startup_mk64f12.c:877:11:SPI2_IRQHandler	8	static
../SDK/startup/startup_mk64f12.c:881:11:UART4_RX_TX_IRQHandler	8	static
../SDK/startup/startup_mk64f12.c:885:11:UART4_ERR_IRQHandler	8	static
../SDK/startup/startup_mk64f12.c:889:11:UART5_RX_TX_IRQHandler	8	static
../SDK/startup/startup_mk64f12.c:893:11:UART5_ERR_IRQHandler	8	static
../SDK/startup/startup_mk64f12.c:897:11:CMP2_IRQHandler	8	static
../SDK/startup/startup_mk64f12.c:901:11:FTM3_IRQHandler	8	static
../SDK/startup/startup_mk64f12.c:905:11:DAC1_IRQHandler	8	static
../SDK/startup/startup_mk64f12.c:909:11:ADC1_IRQHandler	8	static
../SDK/startup/startup_mk64f12.c:913:11:I2C2_IRQHandler	8	static
../SDK/startup/startup_mk64f12.c:917:11:CAN0_ORed_Message_buffer_IRQHandler	8	static
../SDK/startup/startup_mk64f12.c:921:11:CAN0_Bus_Off_IRQHandler	8	static
../SDK/startup/startup_mk64f12.c:925:11:CAN0_Error_IRQHandler	8	static
../SDK/startup/startup_mk64f12.c:929:11:CAN0_Tx_Warning_IRQHandler	8	static
../SDK/startup/startup_mk64f12.c:933:11:CAN0_Rx_Warning_IRQHandler	8	static
../SDK/startup/startup_mk64f12.c:937:11:CAN0_Wake_Up_IRQHandler	8	static
../SDK/startup/startup_mk64f12.c:941:11:SDHC_IRQHandler	8	static
../SDK/startup/startup_mk64f12.c:945:11:ENET_1588_Timer_IRQHandler	8	static
../SDK/startup/startup_mk64f12.c:949:11:ENET_Transmit_IRQHandler	8	static
../SDK/startup/startup_mk64f12.c:953:11:ENET_Receive_IRQHandler	8	static
../SDK/startup/startup_mk64f12.c:957:11:ENET_Error_IRQHandler	8	static
