
Discarded input sections

 .group         0x00000000        0xc ./source/drv/SysTick.o
 .group         0x00000000        0xc ./source/drv/SysTick.o
 .group         0x00000000        0xc ./source/drv/SysTick.o
 .group         0x00000000        0xc ./source/drv/SysTick.o
 .group         0x00000000        0xc ./source/drv/SysTick.o
 .group         0x00000000        0xc ./source/drv/SysTick.o
 .group         0x00000000        0xc ./source/drv/SysTick.o
 .group         0x00000000        0xc ./source/drv/SysTick.o
 .group         0x00000000        0xc ./source/drv/SysTick.o
 .group         0x00000000        0xc ./source/drv/SysTick.o
 .group         0x00000000        0xc ./source/drv/SysTick.o
 .group         0x00000000        0xc ./source/drv/SysTick.o
 .group         0x00000000        0xc ./source/drv/SysTick.o
 .group         0x00000000        0xc ./source/drv/SysTick.o
 .group         0x00000000        0xc ./source/drv/SysTick.o
 .group         0x00000000        0xc ./source/drv/SysTick.o
 .text          0x00000000        0x0 ./source/drv/SysTick.o
 .data          0x00000000        0x0 ./source/drv/SysTick.o
 .bss           0x00000000        0x0 ./source/drv/SysTick.o
 .text.getValue_SysTick
                0x00000000       0x18 ./source/drv/SysTick.o
 .group         0x00000000        0xc ./source/drv/gpio.o
 .group         0x00000000        0xc ./source/drv/gpio.o
 .group         0x00000000        0xc ./source/drv/gpio.o
 .group         0x00000000        0xc ./source/drv/gpio.o
 .group         0x00000000        0xc ./source/drv/gpio.o
 .group         0x00000000        0xc ./source/drv/gpio.o
 .group         0x00000000        0xc ./source/drv/gpio.o
 .group         0x00000000        0xc ./source/drv/gpio.o
 .group         0x00000000        0xc ./source/drv/gpio.o
 .group         0x00000000        0xc ./source/drv/gpio.o
 .group         0x00000000        0xc ./source/drv/gpio.o
 .group         0x00000000        0xc ./source/drv/gpio.o
 .group         0x00000000        0xc ./source/drv/gpio.o
 .group         0x00000000        0xc ./source/drv/gpio.o
 .group         0x00000000        0xc ./source/drv/gpio.o
 .text          0x00000000        0x0 ./source/drv/gpio.o
 .data          0x00000000        0x0 ./source/drv/gpio.o
 .bss           0x00000000        0x0 ./source/drv/gpio.o
 .text.__NVIC_EnableIRQ
                0x00000000       0x3c ./source/drv/gpio.o
 .text.gpioRead
                0x00000000       0x44 ./source/drv/gpio.o
 .text.gpioIRQ  0x00000000       0xd0 ./source/drv/gpio.o
 .debug_macro   0x00000000      0xad8 ./source/drv/gpio.o
 .debug_macro   0x00000000      0x190 ./source/drv/gpio.o
 .debug_macro   0x00000000       0x5c ./source/drv/gpio.o
 .debug_macro   0x00000000      0x34e ./source/drv/gpio.o
 .debug_macro   0x00000000       0x1c ./source/drv/gpio.o
 .debug_macro   0x00000000       0x22 ./source/drv/gpio.o
 .debug_macro   0x00000000       0xd9 ./source/drv/gpio.o
 .debug_macro   0x00000000      0xecf ./source/drv/gpio.o
 .debug_macro   0x00000000       0x48 ./source/drv/gpio.o
 .debug_macro   0x00000000     0xe07b ./source/drv/gpio.o
 .debug_macro   0x00000000       0x22 ./source/drv/gpio.o
 .debug_macro   0x00000000       0x10 ./source/drv/gpio.o
 .debug_macro   0x00000000     0x122b ./source/drv/gpio.o
 .debug_macro   0x00000000       0x16 ./source/drv/gpio.o
 .group         0x00000000        0xc ./source/drv/rotary_encoder.o
 .text          0x00000000        0x0 ./source/drv/rotary_encoder.o
 .data          0x00000000        0x0 ./source/drv/rotary_encoder.o
 .bss           0x00000000        0x0 ./source/drv/rotary_encoder.o
 .debug_info    0x00000000       0x21 ./source/drv/rotary_encoder.o
 .debug_abbrev  0x00000000       0x13 ./source/drv/rotary_encoder.o
 .debug_aranges
                0x00000000       0x18 ./source/drv/rotary_encoder.o
 .debug_macro   0x00000000       0x11 ./source/drv/rotary_encoder.o
 .debug_macro   0x00000000      0xad8 ./source/drv/rotary_encoder.o
 .debug_line    0x00000000       0x3f ./source/drv/rotary_encoder.o
 .debug_str     0x00000000     0x2ea2 ./source/drv/rotary_encoder.o
 .comment       0x00000000       0x46 ./source/drv/rotary_encoder.o
 .ARM.attributes
                0x00000000       0x34 ./source/drv/rotary_encoder.o
 .group         0x00000000        0xc ./source/app/App.o
 .group         0x00000000        0xc ./source/app/App.o
 .group         0x00000000        0xc ./source/app/App.o
 .group         0x00000000        0xc ./source/app/App.o
 .group         0x00000000        0xc ./source/app/App.o
 .group         0x00000000        0xc ./source/app/App.o
 .text          0x00000000        0x0 ./source/app/App.o
 .data          0x00000000        0x0 ./source/app/App.o
 .bss           0x00000000        0x0 ./source/app/App.o
 .text.delayLoop
                0x00000000       0x22 ./source/app/App.o
 .debug_macro   0x00000000      0xad8 ./source/app/App.o
 .debug_macro   0x00000000      0x34e ./source/app/App.o
 .debug_macro   0x00000000       0x22 ./source/app/App.o
 .debug_macro   0x00000000       0x46 ./source/app/App.o
 .group         0x00000000        0xc ./source/app/fsm.o
 .text          0x00000000        0x0 ./source/app/fsm.o
 .data          0x00000000        0x0 ./source/app/fsm.o
 .bss           0x00000000        0x0 ./source/app/fsm.o
 .debug_info    0x00000000       0x21 ./source/app/fsm.o
 .debug_abbrev  0x00000000       0x13 ./source/app/fsm.o
 .debug_aranges
                0x00000000       0x18 ./source/app/fsm.o
 .debug_macro   0x00000000       0x11 ./source/app/fsm.o
 .debug_macro   0x00000000      0xad8 ./source/app/fsm.o
 .debug_line    0x00000000       0x34 ./source/app/fsm.o
 .debug_str     0x00000000     0x2e97 ./source/app/fsm.o
 .comment       0x00000000       0x46 ./source/app/fsm.o
 .ARM.attributes
                0x00000000       0x34 ./source/app/fsm.o
 .group         0x00000000        0xc ./source/app/ui.o
 .text          0x00000000        0x0 ./source/app/ui.o
 .data          0x00000000        0x0 ./source/app/ui.o
 .bss           0x00000000        0x0 ./source/app/ui.o
 .debug_info    0x00000000       0x21 ./source/app/ui.o
 .debug_abbrev  0x00000000       0x13 ./source/app/ui.o
 .debug_aranges
                0x00000000       0x18 ./source/app/ui.o
 .debug_macro   0x00000000       0x11 ./source/app/ui.o
 .debug_macro   0x00000000      0xad8 ./source/app/ui.o
 .debug_line    0x00000000       0x33 ./source/app/ui.o
 .debug_str     0x00000000     0x2e96 ./source/app/ui.o
 .comment       0x00000000       0x46 ./source/app/ui.o
 .ARM.attributes
                0x00000000       0x34 ./source/app/ui.o
 .group         0x00000000        0xc ./source/timer.o
 .group         0x00000000        0xc ./source/timer.o
 .group         0x00000000        0xc ./source/timer.o
 .group         0x00000000        0xc ./source/timer.o
 .group         0x00000000        0xc ./source/timer.o
 .group         0x00000000        0xc ./source/timer.o
 .text          0x00000000        0x0 ./source/timer.o
 .data          0x00000000        0x0 ./source/timer.o
 .bss           0x00000000        0x0 ./source/timer.o
 .text.timerExpired
                0x00000000       0x30 ./source/timer.o
 .debug_macro   0x00000000      0xad8 ./source/timer.o
 .debug_macro   0x00000000      0x190 ./source/timer.o
 .debug_macro   0x00000000      0x34e ./source/timer.o
 .debug_macro   0x00000000       0x22 ./source/timer.o
 .group         0x00000000        0xc ./SDK/startup/hardware.o
 .group         0x00000000        0xc ./SDK/startup/hardware.o
 .group         0x00000000        0xc ./SDK/startup/hardware.o
 .group         0x00000000        0xc ./SDK/startup/hardware.o
 .group         0x00000000        0xc ./SDK/startup/hardware.o
 .group         0x00000000        0xc ./SDK/startup/hardware.o
 .group         0x00000000        0xc ./SDK/startup/hardware.o
 .group         0x00000000        0xc ./SDK/startup/hardware.o
 .group         0x00000000        0xc ./SDK/startup/hardware.o
 .group         0x00000000        0xc ./SDK/startup/hardware.o
 .group         0x00000000        0xc ./SDK/startup/hardware.o
 .group         0x00000000        0xc ./SDK/startup/hardware.o
 .group         0x00000000        0xc ./SDK/startup/hardware.o
 .text          0x00000000        0x0 ./SDK/startup/hardware.o
 .data          0x00000000        0x0 ./SDK/startup/hardware.o
 .bss           0x00000000        0x0 ./SDK/startup/hardware.o
 .debug_macro   0x00000000      0xad8 ./SDK/startup/hardware.o
 .debug_macro   0x00000000      0x34e ./SDK/startup/hardware.o
 .debug_macro   0x00000000       0x22 ./SDK/startup/hardware.o
 .debug_macro   0x00000000       0x10 ./SDK/startup/hardware.o
 .debug_macro   0x00000000       0x5c ./SDK/startup/hardware.o
 .debug_macro   0x00000000       0x1c ./SDK/startup/hardware.o
 .debug_macro   0x00000000       0x22 ./SDK/startup/hardware.o
 .debug_macro   0x00000000       0xd9 ./SDK/startup/hardware.o
 .debug_macro   0x00000000      0xecf ./SDK/startup/hardware.o
 .debug_macro   0x00000000       0x48 ./SDK/startup/hardware.o
 .debug_macro   0x00000000     0xe07b ./SDK/startup/hardware.o
 .debug_macro   0x00000000     0x122b ./SDK/startup/hardware.o
 .debug_macro   0x00000000       0x16 ./SDK/startup/hardware.o
 .group         0x00000000        0xc ./SDK/startup/main.o
 .group         0x00000000        0xc ./SDK/startup/main.o
 .group         0x00000000        0xc ./SDK/startup/main.o
 .group         0x00000000        0xc ./SDK/startup/main.o
 .group         0x00000000        0xc ./SDK/startup/main.o
 .group         0x00000000        0xc ./SDK/startup/main.o
 .group         0x00000000        0xc ./SDK/startup/main.o
 .group         0x00000000        0xc ./SDK/startup/main.o
 .group         0x00000000        0xc ./SDK/startup/main.o
 .group         0x00000000        0xc ./SDK/startup/main.o
 .group         0x00000000        0xc ./SDK/startup/main.o
 .group         0x00000000        0xc ./SDK/startup/main.o
 .group         0x00000000        0xc ./SDK/startup/main.o
 .text          0x00000000        0x0 ./SDK/startup/main.o
 .data          0x00000000        0x0 ./SDK/startup/main.o
 .bss           0x00000000        0x0 ./SDK/startup/main.o
 .debug_macro   0x00000000      0xad8 ./SDK/startup/main.o
 .debug_macro   0x00000000      0x34e ./SDK/startup/main.o
 .debug_macro   0x00000000       0x22 ./SDK/startup/main.o
 .debug_macro   0x00000000       0x10 ./SDK/startup/main.o
 .debug_macro   0x00000000       0x5c ./SDK/startup/main.o
 .debug_macro   0x00000000       0x1c ./SDK/startup/main.o
 .debug_macro   0x00000000       0x22 ./SDK/startup/main.o
 .debug_macro   0x00000000       0xd9 ./SDK/startup/main.o
 .debug_macro   0x00000000      0xecf ./SDK/startup/main.o
 .debug_macro   0x00000000       0x48 ./SDK/startup/main.o
 .debug_macro   0x00000000     0xe07b ./SDK/startup/main.o
 .debug_macro   0x00000000     0x122b ./SDK/startup/main.o
 .debug_macro   0x00000000       0x16 ./SDK/startup/main.o
 .group         0x00000000        0xc ./SDK/startup/semihost_hardfault.o
 .text          0x00000000        0x0 ./SDK/startup/semihost_hardfault.o
 .data          0x00000000        0x0 ./SDK/startup/semihost_hardfault.o
 .bss           0x00000000        0x0 ./SDK/startup/semihost_hardfault.o
 .debug_macro   0x00000000      0xad8 ./SDK/startup/semihost_hardfault.o
 .group         0x00000000        0xc ./SDK/startup/startup_mk64f12.o
 .text          0x00000000        0x0 ./SDK/startup/startup_mk64f12.o
 .data          0x00000000        0x0 ./SDK/startup/startup_mk64f12.o
 .bss           0x00000000        0x0 ./SDK/startup/startup_mk64f12.o
 .text.PORTA_IRQHandler
                0x00000000        0x8 ./SDK/startup/startup_mk64f12.o
 .text.PORTB_IRQHandler
                0x00000000        0x8 ./SDK/startup/startup_mk64f12.o
 .text.PORTC_IRQHandler
                0x00000000        0x8 ./SDK/startup/startup_mk64f12.o
 .text.PORTD_IRQHandler
                0x00000000        0x8 ./SDK/startup/startup_mk64f12.o
 .text.PORTE_IRQHandler
                0x00000000        0x8 ./SDK/startup/startup_mk64f12.o
 .debug_macro   0x00000000      0xad8 ./SDK/startup/startup_mk64f12.o
 .group         0x00000000        0xc ./SDK/CMSIS/system_MK64F12.o
 .group         0x00000000        0xc ./SDK/CMSIS/system_MK64F12.o
 .group         0x00000000        0xc ./SDK/CMSIS/system_MK64F12.o
 .group         0x00000000        0xc ./SDK/CMSIS/system_MK64F12.o
 .group         0x00000000        0xc ./SDK/CMSIS/system_MK64F12.o
 .group         0x00000000        0xc ./SDK/CMSIS/system_MK64F12.o
 .group         0x00000000        0xc ./SDK/CMSIS/system_MK64F12.o
 .group         0x00000000        0xc ./SDK/CMSIS/system_MK64F12.o
 .group         0x00000000        0xc ./SDK/CMSIS/system_MK64F12.o
 .group         0x00000000        0xc ./SDK/CMSIS/system_MK64F12.o
 .group         0x00000000        0xc ./SDK/CMSIS/system_MK64F12.o
 .text          0x00000000        0x0 ./SDK/CMSIS/system_MK64F12.o
 .data          0x00000000        0x0 ./SDK/CMSIS/system_MK64F12.o
 .bss           0x00000000        0x0 ./SDK/CMSIS/system_MK64F12.o
 .data.SystemCoreClock
                0x00000000        0x4 ./SDK/CMSIS/system_MK64F12.o
 .text.SystemCoreClockUpdate
                0x00000000      0x28c ./SDK/CMSIS/system_MK64F12.o
 .debug_macro   0x00000000      0xad8 ./SDK/CMSIS/system_MK64F12.o
 .debug_macro   0x00000000      0x34e ./SDK/CMSIS/system_MK64F12.o
 .debug_macro   0x00000000       0x10 ./SDK/CMSIS/system_MK64F12.o
 .debug_macro   0x00000000       0x5c ./SDK/CMSIS/system_MK64F12.o
 .debug_macro   0x00000000       0x1c ./SDK/CMSIS/system_MK64F12.o
 .debug_macro   0x00000000       0x22 ./SDK/CMSIS/system_MK64F12.o
 .debug_macro   0x00000000       0xd9 ./SDK/CMSIS/system_MK64F12.o
 .debug_macro   0x00000000      0xecf ./SDK/CMSIS/system_MK64F12.o
 .debug_macro   0x00000000       0x48 ./SDK/CMSIS/system_MK64F12.o
 .debug_macro   0x00000000     0xe07b ./SDK/CMSIS/system_MK64F12.o
 .debug_macro   0x00000000     0x122b ./SDK/CMSIS/system_MK64F12.o

Memory Configuration

Name             Origin             Length             Attributes
PROGRAM_FLASH    0x00000000         0x00100000         xr
SRAM_UPPER       0x20000000         0x00030000         xrw
SRAM_LOWER       0x1fff0000         0x00010000         xrw
FLEX_RAM         0x14000000         0x00001000         xrw
*default*        0x00000000         0xffffffff

Linker script and memory map

LOAD ./source/drv/SysTick.o
LOAD ./source/drv/gpio.o
LOAD ./source/drv/rotary_encoder.o
LOAD ./source/app/App.o
LOAD ./source/app/fsm.o
LOAD ./source/app/ui.o
LOAD ./source/timer.o
LOAD ./SDK/startup/hardware.o
LOAD ./SDK/startup/main.o
LOAD ./SDK/startup/semihost_hardfault.o
LOAD ./SDK/startup/startup_mk64f12.o
LOAD ./SDK/CMSIS/system_MK64F12.o
START GROUP
LOAD /usr/local/mcuxpressoide-25.6.136/ide/plugins/com.nxp.mcuxpresso.tools.linux_25.6.0.202501151204/tools/bin/../lib/gcc/arm-none-eabi/14.2.1/../../../../arm-none-eabi/lib/thumb/v7e-m+fp/hard/libcr_c.a
LOAD /usr/local/mcuxpressoide-25.6.136/ide/plugins/com.nxp.mcuxpresso.tools.linux_25.6.0.202501151204/tools/bin/../lib/gcc/arm-none-eabi/14.2.1/thumb/v7e-m+fp/hard/libcr_eabihelpers.a
LOAD /usr/local/mcuxpressoide-25.6.136/ide/plugins/com.nxp.mcuxpresso.tools.linux_25.6.0.202501151204/tools/bin/../lib/gcc/arm-none-eabi/14.2.1/thumb/v7e-m+fp/hard/libgcc.a
END GROUP
                0x00000000                        __base_PROGRAM_FLASH = 0x0
                0x00000000                        __base_Flash = 0x0
                0x00100000                        __top_PROGRAM_FLASH = 0x100000
                0x00100000                        __top_Flash = 0x100000
                0x20000000                        __base_SRAM_UPPER = 0x20000000
                0x20000000                        __base_RAM = 0x20000000
                0x20030000                        __top_SRAM_UPPER = 0x20030000
                0x20030000                        __top_RAM = 0x20030000
                0x1fff0000                        __base_SRAM_LOWER = 0x1fff0000
                0x1fff0000                        __base_RAM2 = 0x1fff0000
                0x20000000                        __top_SRAM_LOWER = 0x20000000
                0x20000000                        __top_RAM2 = 0x20000000
                0x14000000                        __base_FLEX_RAM = 0x14000000
                0x14000000                        __base_RAM3 = 0x14000000
                0x14001000                        __top_FLEX_RAM = 0x14001000
                0x14001000                        __top_RAM3 = 0x14001000

.text           0x00000000     0x11e8
 FILL mask 0xff
                0x00000000                        __vectors_start__ = ABSOLUTE (.)
 *(SORT_BY_ALIGNMENT(.isr_vector))
 .isr_vector    0x00000000      0x198 ./SDK/startup/startup_mk64f12.o
                0x00000000                __Vectors
                0x00000000                g_pfnVectors
                0x00000198                        . = ALIGN (0x4)
                0x00000198                        __section_table_start = .
                0x00000198                        __data_section_table = .
                0x00000198        0x4 LONG 0x11e8 LOADADDR (.data)
                0x0000019c        0x4 LONG 0x20000000 ADDR (.data)
                0x000001a0        0x4 LONG 0x0 SIZEOF (.data)
                0x000001a4        0x4 LONG 0x11e8 LOADADDR (.data_RAM2)
                0x000001a8        0x4 LONG 0x1fff0000 ADDR (.data_RAM2)
                0x000001ac        0x4 LONG 0x0 SIZEOF (.data_RAM2)
                0x000001b0        0x4 LONG 0x11e8 LOADADDR (.data_RAM3)
                0x000001b4        0x4 LONG 0x14000000 ADDR (.data_RAM3)
                0x000001b8        0x4 LONG 0x0 SIZEOF (.data_RAM3)
                0x000001bc                        __data_section_table_end = .
                0x000001bc                        __bss_section_table = .
                0x000001bc        0x4 LONG 0x20000000 ADDR (.bss)
                0x000001c0        0x4 LONG 0x300 SIZEOF (.bss)
                0x000001c4        0x4 LONG 0x1fff0000 ADDR (.bss_RAM2)
                0x000001c8        0x4 LONG 0x0 SIZEOF (.bss_RAM2)
                0x000001cc        0x4 LONG 0x14000000 ADDR (.bss_RAM3)
                0x000001d0        0x4 LONG 0x0 SIZEOF (.bss_RAM3)
                0x000001d4                        __bss_section_table_end = .
                0x000001d4                        __section_table_end = .
 *(SORT_BY_ALIGNMENT(.after_vectors*))
 .after_vectors.reset
                0x000001d4       0x4c ./SDK/startup/startup_mk64f12.o
                0x000001d4                ResetISR
 .after_vectors.init_data
                0x00000220       0x1e ./SDK/startup/startup_mk64f12.o
                0x00000220                data_init
 .after_vectors.init_bss
                0x0000023e       0x12 ./SDK/startup/startup_mk64f12.o
                0x0000023e                bss_init
 .after_vectors
                0x00000250       0x14 ./SDK/startup/startup_mk64f12.o
                0x00000250                NMI_Handler
                0x00000254                MemManage_Handler
                0x00000256                BusFault_Handler
                0x00000258                UsageFault_Handler
                0x0000025a                SVC_Handler
                0x0000025c                DebugMon_Handler
                0x0000025e                PendSV_Handler
                0x00000262                DMA0_DriverIRQHandler
                0x00000262                PORTB_DriverIRQHandler
                0x00000262                DMA12_DriverIRQHandler
                0x00000262                SPI1_DriverIRQHandler
                0x00000262                LPTMR0_DriverIRQHandler
                0x00000262                DMA_Error_DriverIRQHandler
                0x00000262                FTM1_DriverIRQHandler
                0x00000262                FTM2_DriverIRQHandler
                0x00000262                PIT2_DriverIRQHandler
                0x00000262                SDHC_DriverIRQHandler
                0x00000262                I2S0_Tx_DriverIRQHandler
                0x00000262                RTC_Seconds_DriverIRQHandler
                0x00000262                DMA6_DriverIRQHandler
                0x00000262                LLWU_DriverIRQHandler
                0x00000262                MCM_DriverIRQHandler
                0x00000262                MCG_DriverIRQHandler
                0x00000262                ENET_1588_Timer_DriverIRQHandler
                0x00000262                I2C2_DriverIRQHandler
                0x00000262                DAC1_DriverIRQHandler
                0x00000262                CMP1_DriverIRQHandler
                0x00000262                UART5_RX_TX_DriverIRQHandler
                0x00000262                FTM0_DriverIRQHandler
                0x00000262                IntDefaultHandler
                0x00000262                USB0_DriverIRQHandler
                0x00000262                UART5_ERR_DriverIRQHandler
                0x00000262                PORTC_DriverIRQHandler
                0x00000262                DMA11_DriverIRQHandler
                0x00000262                DAC0_DriverIRQHandler
                0x00000262                DMA10_DriverIRQHandler
                0x00000262                CMP2_DriverIRQHandler
                0x00000262                UART2_ERR_DriverIRQHandler
                0x00000262                SPI2_DriverIRQHandler
                0x00000262                LVD_LVW_DriverIRQHandler
                0x00000262                PIT0_DriverIRQHandler
                0x00000262                RNG_DriverIRQHandler
                0x00000262                DMA5_DriverIRQHandler
                0x00000262                DMA4_DriverIRQHandler
                0x00000262                UART2_RX_TX_DriverIRQHandler
                0x00000262                USBDCD_DriverIRQHandler
                0x00000262                UART3_ERR_DriverIRQHandler
                0x00000262                DMA3_DriverIRQHandler
                0x00000262                DMA8_DriverIRQHandler
                0x00000262                DMA9_DriverIRQHandler
                0x00000262                UART0_ERR_DriverIRQHandler
                0x00000262                CMT_DriverIRQHandler
                0x00000262                Reserved71_DriverIRQHandler
                0x00000262                ADC1_DriverIRQHandler
                0x00000262                PORTA_DriverIRQHandler
                0x00000262                DMA14_DriverIRQHandler
                0x00000262                PIT3_DriverIRQHandler
                0x00000262                PIT1_DriverIRQHandler
                0x00000262                WDOG_EWM_DriverIRQHandler
                0x00000262                PDB0_DriverIRQHandler
                0x00000262                RTC_DriverIRQHandler
                0x00000262                I2S0_Rx_DriverIRQHandler
                0x00000262                Read_Collision_DriverIRQHandler
                0x00000262                SWI_DriverIRQHandler
                0x00000262                UART4_RX_TX_DriverIRQHandler
                0x00000262                UART4_ERR_DriverIRQHandler
                0x00000262                UART0_LON_DriverIRQHandler
                0x00000262                DMA1_DriverIRQHandler
                0x00000262                I2C1_DriverIRQHandler
                0x00000262                UART3_RX_TX_DriverIRQHandler
                0x00000262                ENET_Receive_DriverIRQHandler
                0x00000262                DMA13_DriverIRQHandler
                0x00000262                ENET_Error_DriverIRQHandler
                0x00000262                DMA15_DriverIRQHandler
                0x00000262                UART0_RX_TX_DriverIRQHandler
                0x00000262                SPI0_DriverIRQHandler
                0x00000262                ADC0_DriverIRQHandler
                0x00000262                CMP0_DriverIRQHandler
                0x00000262                CAN0_DriverIRQHandler
                0x00000262                FTM3_DriverIRQHandler
                0x00000262                UART1_ERR_DriverIRQHandler
                0x00000262                DMA2_DriverIRQHandler
                0x00000262                ENET_Transmit_DriverIRQHandler
                0x00000262                PORTD_DriverIRQHandler
                0x00000262                PORTE_DriverIRQHandler
                0x00000262                FTFE_DriverIRQHandler
                0x00000262                I2C0_DriverIRQHandler
                0x00000262                DMA7_DriverIRQHandler
                0x00000262                UART1_RX_TX_DriverIRQHandler
                0x00000400                        . = 0x400
 *fill*         0x00000264      0x19c ff
                0x00000400                        PROVIDE (__FLASH_CONFIG_START__ = .)
 *(SORT_BY_ALIGNMENT(.FlashConfig))
 .FlashConfig   0x00000400       0x10 ./SDK/startup/startup_mk64f12.o
                0x00000400                Flash_Config
                0x00000410                        PROVIDE (__FLASH_CONFIG_END__ = .)
                0x00000001                        ASSERT (! ((__FLASH_CONFIG_START__ == __FLASH_CONFIG_END__)), Linker Flash Config Support Enabled, but no .FlashConfig section provided within application)
 *(SORT_BY_ALIGNMENT(.text*))
 .text.SysTick_Init
                0x00000410       0x58 ./source/drv/SysTick.o
                0x00000410                SysTick_Init
 .text.SysTick_Handler
                0x00000468       0x24 ./source/drv/SysTick.o
                0x00000468                SysTick_Handler
 .text.gpioMode
                0x0000048c      0x208 ./source/drv/gpio.o
                0x0000048c                gpioMode
 .text.gpioWrite
                0x00000694       0x90 ./source/drv/gpio.o
                0x00000694                gpioWrite
 .text.gpioToggle
                0x00000724       0x50 ./source/drv/gpio.o
                0x00000724                gpioToggle
 .text.PORTA_IRQHandler
                0x00000774       0x64 ./source/drv/gpio.o
                0x00000774                PORTA_IRQHandler
 .text.PORTB_IRQHandler
                0x000007d8       0x64 ./source/drv/gpio.o
                0x000007d8                PORTB_IRQHandler
 .text.PORTC_IRQHandler
                0x0000083c       0x64 ./source/drv/gpio.o
                0x0000083c                PORTC_IRQHandler
 .text.PORTD_IRQHandler
                0x000008a0       0x64 ./source/drv/gpio.o
                0x000008a0                PORTD_IRQHandler
 .text.PORTE_IRQHandler
                0x00000904       0x64 ./source/drv/gpio.o
                0x00000904                PORTE_IRQHandler
 .text.App_Init
                0x00000968       0x6c ./source/app/App.o
                0x00000968                App_Init
 .text.countTicks
                0x000009d4       0xac ./source/timer.o
 .text.timerInit
                0x00000a80       0x18 ./source/timer.o
                0x00000a80                timerInit
 .text.timerGetId
                0x00000a98       0x48 ./source/timer.o
                0x00000a98                timerGetId
 .text.timerStart
                0x00000ae0       0xb0 ./source/timer.o
                0x00000ae0                timerStart
 .text.timerStop
                0x00000b90       0x88 ./source/timer.o
                0x00000b90                timerStop
 .text.timerUpdate
                0x00000c18       0xf4 ./source/timer.o
                0x00000c18                timerUpdate
 .text.hw_Init  0x00000d0c      0x108 ./SDK/startup/hardware.o
                0x00000d0c                hw_Init
 .text.hw_EnableInterrupts
                0x00000e14       0x30 ./SDK/startup/hardware.o
                0x00000e14                hw_EnableInterrupts
 .text.hw_DisableInterrupts
                0x00000e44       0x20 ./SDK/startup/hardware.o
                0x00000e44                hw_DisableInterrupts
 .text.SystemInit
                0x00000e64       0x3c ./SDK/CMSIS/system_MK64F12.o
                0x00000e64                SystemInit
 .text.App_Run  0x00000ea0       0x14 ./source/app/App.o
                0x00000ea0                App_Run
 .text.foo      0x00000eb4       0x16 ./source/app/App.o
 .text.goo      0x00000eca       0x16 ./source/app/App.o
 .text.main     0x00000ee0       0x1a ./SDK/startup/main.o
                0x00000ee0                main
 .text.HardFault_Handler
                0x00000efa       0x2c ./SDK/startup/semihost_hardfault.o
                0x00000efa                HardFault_Handler
 .text.DMA0_IRQHandler
                0x00000f26        0x8 ./SDK/startup/startup_mk64f12.o
                0x00000f26                DMA0_IRQHandler
 .text.DMA1_IRQHandler
                0x00000f2e        0x8 ./SDK/startup/startup_mk64f12.o
                0x00000f2e                DMA1_IRQHandler
 .text.DMA2_IRQHandler
                0x00000f36        0x8 ./SDK/startup/startup_mk64f12.o
                0x00000f36                DMA2_IRQHandler
 .text.DMA3_IRQHandler
                0x00000f3e        0x8 ./SDK/startup/startup_mk64f12.o
                0x00000f3e                DMA3_IRQHandler
 .text.DMA4_IRQHandler
                0x00000f46        0x8 ./SDK/startup/startup_mk64f12.o
                0x00000f46                DMA4_IRQHandler
 .text.DMA5_IRQHandler
                0x00000f4e        0x8 ./SDK/startup/startup_mk64f12.o
                0x00000f4e                DMA5_IRQHandler
 .text.DMA6_IRQHandler
                0x00000f56        0x8 ./SDK/startup/startup_mk64f12.o
                0x00000f56                DMA6_IRQHandler
 .text.DMA7_IRQHandler
                0x00000f5e        0x8 ./SDK/startup/startup_mk64f12.o
                0x00000f5e                DMA7_IRQHandler
 .text.DMA8_IRQHandler
                0x00000f66        0x8 ./SDK/startup/startup_mk64f12.o
                0x00000f66                DMA8_IRQHandler
 .text.DMA9_IRQHandler
                0x00000f6e        0x8 ./SDK/startup/startup_mk64f12.o
                0x00000f6e                DMA9_IRQHandler
 .text.DMA10_IRQHandler
                0x00000f76        0x8 ./SDK/startup/startup_mk64f12.o
                0x00000f76                DMA10_IRQHandler
 .text.DMA11_IRQHandler
                0x00000f7e        0x8 ./SDK/startup/startup_mk64f12.o
                0x00000f7e                DMA11_IRQHandler
 .text.DMA12_IRQHandler
                0x00000f86        0x8 ./SDK/startup/startup_mk64f12.o
                0x00000f86                DMA12_IRQHandler
 .text.DMA13_IRQHandler
                0x00000f8e        0x8 ./SDK/startup/startup_mk64f12.o
                0x00000f8e                DMA13_IRQHandler
 .text.DMA14_IRQHandler
                0x00000f96        0x8 ./SDK/startup/startup_mk64f12.o
                0x00000f96                DMA14_IRQHandler
 .text.DMA15_IRQHandler
                0x00000f9e        0x8 ./SDK/startup/startup_mk64f12.o
                0x00000f9e                DMA15_IRQHandler
 .text.DMA_Error_IRQHandler
                0x00000fa6        0x8 ./SDK/startup/startup_mk64f12.o
                0x00000fa6                DMA_Error_IRQHandler
 .text.MCM_IRQHandler
                0x00000fae        0x8 ./SDK/startup/startup_mk64f12.o
                0x00000fae                MCM_IRQHandler
 .text.FTFE_IRQHandler
                0x00000fb6        0x8 ./SDK/startup/startup_mk64f12.o
                0x00000fb6                FTFE_IRQHandler
 .text.Read_Collision_IRQHandler
                0x00000fbe        0x8 ./SDK/startup/startup_mk64f12.o
                0x00000fbe                Read_Collision_IRQHandler
 .text.LVD_LVW_IRQHandler
                0x00000fc6        0x8 ./SDK/startup/startup_mk64f12.o
                0x00000fc6                LVD_LVW_IRQHandler
 .text.LLWU_IRQHandler
                0x00000fce        0x8 ./SDK/startup/startup_mk64f12.o
                0x00000fce                LLWU_IRQHandler
 .text.WDOG_EWM_IRQHandler
                0x00000fd6        0x8 ./SDK/startup/startup_mk64f12.o
                0x00000fd6                WDOG_EWM_IRQHandler
 .text.RNG_IRQHandler
                0x00000fde        0x8 ./SDK/startup/startup_mk64f12.o
                0x00000fde                RNG_IRQHandler
 .text.I2C0_IRQHandler
                0x00000fe6        0x8 ./SDK/startup/startup_mk64f12.o
                0x00000fe6                I2C0_IRQHandler
 .text.I2C1_IRQHandler
                0x00000fee        0x8 ./SDK/startup/startup_mk64f12.o
                0x00000fee                I2C1_IRQHandler
 .text.SPI0_IRQHandler
                0x00000ff6        0x8 ./SDK/startup/startup_mk64f12.o
                0x00000ff6                SPI0_IRQHandler
 .text.SPI1_IRQHandler
                0x00000ffe        0x8 ./SDK/startup/startup_mk64f12.o
                0x00000ffe                SPI1_IRQHandler
 .text.I2S0_Tx_IRQHandler
                0x00001006        0x8 ./SDK/startup/startup_mk64f12.o
                0x00001006                I2S0_Tx_IRQHandler
 .text.I2S0_Rx_IRQHandler
                0x0000100e        0x8 ./SDK/startup/startup_mk64f12.o
                0x0000100e                I2S0_Rx_IRQHandler
 .text.UART0_LON_IRQHandler
                0x00001016        0x8 ./SDK/startup/startup_mk64f12.o
                0x00001016                UART0_LON_IRQHandler
 .text.UART0_RX_TX_IRQHandler
                0x0000101e        0x8 ./SDK/startup/startup_mk64f12.o
                0x0000101e                UART0_RX_TX_IRQHandler
 .text.UART0_ERR_IRQHandler
                0x00001026        0x8 ./SDK/startup/startup_mk64f12.o
                0x00001026                UART0_ERR_IRQHandler
 .text.UART1_RX_TX_IRQHandler
                0x0000102e        0x8 ./SDK/startup/startup_mk64f12.o
                0x0000102e                UART1_RX_TX_IRQHandler
 .text.UART1_ERR_IRQHandler
                0x00001036        0x8 ./SDK/startup/startup_mk64f12.o
                0x00001036                UART1_ERR_IRQHandler
 .text.UART2_RX_TX_IRQHandler
                0x0000103e        0x8 ./SDK/startup/startup_mk64f12.o
                0x0000103e                UART2_RX_TX_IRQHandler
 .text.UART2_ERR_IRQHandler
                0x00001046        0x8 ./SDK/startup/startup_mk64f12.o
                0x00001046                UART2_ERR_IRQHandler
 .text.UART3_RX_TX_IRQHandler
                0x0000104e        0x8 ./SDK/startup/startup_mk64f12.o
                0x0000104e                UART3_RX_TX_IRQHandler
 .text.UART3_ERR_IRQHandler
                0x00001056        0x8 ./SDK/startup/startup_mk64f12.o
                0x00001056                UART3_ERR_IRQHandler
 .text.ADC0_IRQHandler
                0x0000105e        0x8 ./SDK/startup/startup_mk64f12.o
                0x0000105e                ADC0_IRQHandler
 .text.CMP0_IRQHandler
                0x00001066        0x8 ./SDK/startup/startup_mk64f12.o
                0x00001066                CMP0_IRQHandler
 .text.CMP1_IRQHandler
                0x0000106e        0x8 ./SDK/startup/startup_mk64f12.o
                0x0000106e                CMP1_IRQHandler
 .text.FTM0_IRQHandler
                0x00001076        0x8 ./SDK/startup/startup_mk64f12.o
                0x00001076                FTM0_IRQHandler
 .text.FTM1_IRQHandler
                0x0000107e        0x8 ./SDK/startup/startup_mk64f12.o
                0x0000107e                FTM1_IRQHandler
 .text.FTM2_IRQHandler
                0x00001086        0x8 ./SDK/startup/startup_mk64f12.o
                0x00001086                FTM2_IRQHandler
 .text.CMT_IRQHandler
                0x0000108e        0x8 ./SDK/startup/startup_mk64f12.o
                0x0000108e                CMT_IRQHandler
 .text.RTC_IRQHandler
                0x00001096        0x8 ./SDK/startup/startup_mk64f12.o
                0x00001096                RTC_IRQHandler
 .text.RTC_Seconds_IRQHandler
                0x0000109e        0x8 ./SDK/startup/startup_mk64f12.o
                0x0000109e                RTC_Seconds_IRQHandler
 .text.PIT0_IRQHandler
                0x000010a6        0x8 ./SDK/startup/startup_mk64f12.o
                0x000010a6                PIT0_IRQHandler
 .text.PIT1_IRQHandler
                0x000010ae        0x8 ./SDK/startup/startup_mk64f12.o
                0x000010ae                PIT1_IRQHandler
 .text.PIT2_IRQHandler
                0x000010b6        0x8 ./SDK/startup/startup_mk64f12.o
                0x000010b6                PIT2_IRQHandler
 .text.PIT3_IRQHandler
                0x000010be        0x8 ./SDK/startup/startup_mk64f12.o
                0x000010be                PIT3_IRQHandler
 .text.PDB0_IRQHandler
                0x000010c6        0x8 ./SDK/startup/startup_mk64f12.o
                0x000010c6                PDB0_IRQHandler
 .text.USB0_IRQHandler
                0x000010ce        0x8 ./SDK/startup/startup_mk64f12.o
                0x000010ce                USB0_IRQHandler
 .text.USBDCD_IRQHandler
                0x000010d6        0x8 ./SDK/startup/startup_mk64f12.o
                0x000010d6                USBDCD_IRQHandler
 .text.Reserved71_IRQHandler
                0x000010de        0x8 ./SDK/startup/startup_mk64f12.o
                0x000010de                Reserved71_IRQHandler
 .text.DAC0_IRQHandler
                0x000010e6        0x8 ./SDK/startup/startup_mk64f12.o
                0x000010e6                DAC0_IRQHandler
 .text.MCG_IRQHandler
                0x000010ee        0x8 ./SDK/startup/startup_mk64f12.o
                0x000010ee                MCG_IRQHandler
 .text.LPTMR0_IRQHandler
                0x000010f6        0x8 ./SDK/startup/startup_mk64f12.o
                0x000010f6                LPTMR0_IRQHandler
 .text.SWI_IRQHandler
                0x000010fe        0x8 ./SDK/startup/startup_mk64f12.o
                0x000010fe                SWI_IRQHandler
 .text.SPI2_IRQHandler
                0x00001106        0x8 ./SDK/startup/startup_mk64f12.o
                0x00001106                SPI2_IRQHandler
 .text.UART4_RX_TX_IRQHandler
                0x0000110e        0x8 ./SDK/startup/startup_mk64f12.o
                0x0000110e                UART4_RX_TX_IRQHandler
 .text.UART4_ERR_IRQHandler
                0x00001116        0x8 ./SDK/startup/startup_mk64f12.o
                0x00001116                UART4_ERR_IRQHandler
 .text.UART5_RX_TX_IRQHandler
                0x0000111e        0x8 ./SDK/startup/startup_mk64f12.o
                0x0000111e                UART5_RX_TX_IRQHandler
 .text.UART5_ERR_IRQHandler
                0x00001126        0x8 ./SDK/startup/startup_mk64f12.o
                0x00001126                UART5_ERR_IRQHandler
 .text.CMP2_IRQHandler
                0x0000112e        0x8 ./SDK/startup/startup_mk64f12.o
                0x0000112e                CMP2_IRQHandler
 .text.FTM3_IRQHandler
                0x00001136        0x8 ./SDK/startup/startup_mk64f12.o
                0x00001136                FTM3_IRQHandler
 .text.DAC1_IRQHandler
                0x0000113e        0x8 ./SDK/startup/startup_mk64f12.o
                0x0000113e                DAC1_IRQHandler
 .text.ADC1_IRQHandler
                0x00001146        0x8 ./SDK/startup/startup_mk64f12.o
                0x00001146                ADC1_IRQHandler
 .text.I2C2_IRQHandler
                0x0000114e        0x8 ./SDK/startup/startup_mk64f12.o
                0x0000114e                I2C2_IRQHandler
 .text.CAN0_ORed_Message_buffer_IRQHandler
                0x00001156        0x8 ./SDK/startup/startup_mk64f12.o
                0x00001156                CAN0_ORed_Message_buffer_IRQHandler
 .text.CAN0_Bus_Off_IRQHandler
                0x0000115e        0x8 ./SDK/startup/startup_mk64f12.o
                0x0000115e                CAN0_Bus_Off_IRQHandler
 .text.CAN0_Error_IRQHandler
                0x00001166        0x8 ./SDK/startup/startup_mk64f12.o
                0x00001166                CAN0_Error_IRQHandler
 .text.CAN0_Tx_Warning_IRQHandler
                0x0000116e        0x8 ./SDK/startup/startup_mk64f12.o
                0x0000116e                CAN0_Tx_Warning_IRQHandler
 .text.CAN0_Rx_Warning_IRQHandler
                0x00001176        0x8 ./SDK/startup/startup_mk64f12.o
                0x00001176                CAN0_Rx_Warning_IRQHandler
 .text.CAN0_Wake_Up_IRQHandler
                0x0000117e        0x8 ./SDK/startup/startup_mk64f12.o
                0x0000117e                CAN0_Wake_Up_IRQHandler
 .text.SDHC_IRQHandler
                0x00001186        0x8 ./SDK/startup/startup_mk64f12.o
                0x00001186                SDHC_IRQHandler
 .text.ENET_1588_Timer_IRQHandler
                0x0000118e        0x8 ./SDK/startup/startup_mk64f12.o
                0x0000118e                ENET_1588_Timer_IRQHandler
 .text.ENET_Transmit_IRQHandler
                0x00001196        0x8 ./SDK/startup/startup_mk64f12.o
                0x00001196                ENET_Transmit_IRQHandler
 .text.ENET_Receive_IRQHandler
                0x0000119e        0x8 ./SDK/startup/startup_mk64f12.o
                0x0000119e                ENET_Receive_IRQHandler
 .text.ENET_Error_IRQHandler
                0x000011a6        0x8 ./SDK/startup/startup_mk64f12.o
                0x000011a6                ENET_Error_IRQHandler
 .text.SystemInitHook
                0x000011ae        0xe ./SDK/CMSIS/system_MK64F12.o
                0x000011ae                SystemInitHook
 *(SORT_BY_ALIGNMENT(.rodata) SORT_BY_ALIGNMENT(.rodata.*) SORT_BY_ALIGNMENT(.constdata) SORT_BY_ALIGNMENT(.constdata.*))
 .rodata.kPort  0x000011bc       0x14 ./source/drv/gpio.o
 .rodata.kGpio  0x000011d0       0x14 ./source/drv/gpio.o
                0x000011e8                        . = ALIGN (0x8)
 *fill*         0x000011e4        0x4 ff

.glue_7         0x000011e8        0x0
 .glue_7        0x000011e8        0x0 linker stubs

.glue_7t        0x000011e8        0x0
 .glue_7t       0x000011e8        0x0 linker stubs

.vfp11_veneer   0x000011e8        0x0
 .vfp11_veneer  0x000011e8        0x0 linker stubs

.v4_bx          0x000011e8        0x0
 .v4_bx         0x000011e8        0x0 linker stubs

.iplt           0x000011e8        0x0
 .iplt          0x000011e8        0x0 ./source/drv/SysTick.o

.rel.dyn        0x000011e8        0x0
 .rel.iplt      0x000011e8        0x0 ./source/drv/SysTick.o

.ARM.extab
 *(SORT_BY_ALIGNMENT(.ARM.extab*) SORT_BY_ALIGNMENT(.gnu.linkonce.armextab.*))

.ARM.exidx      0x000011e8        0x0
                0x000011e8                        __exidx_start = .
 *(SORT_BY_ALIGNMENT(.ARM.exidx*) SORT_BY_ALIGNMENT(.gnu.linkonce.armexidx.*))
                0x000011e8                        __exidx_end = .
                0x000011e8                        _etext = .

.m_usb_data
 *(SORT_BY_ALIGNMENT(m_usb_bdt))

.data_RAM2      0x1fff0000        0x0 load address 0x000011e8
 FILL mask 0xff
                [!provide]                        PROVIDE (__start_data_RAM2 = .)
                [!provide]                        PROVIDE (__start_data_SRAM_LOWER = .)
 *(SORT_BY_ALIGNMENT(.ramfunc.$RAM2))
 *(SORT_BY_ALIGNMENT(.ramfunc.$SRAM_LOWER))
 *(SORT_BY_ALIGNMENT(.data.$RAM2))
 *(SORT_BY_ALIGNMENT(.data.$SRAM_LOWER))
 *(SORT_BY_ALIGNMENT(.data.$RAM2.*))
 *(SORT_BY_ALIGNMENT(.data.$SRAM_LOWER.*))
                0x1fff0000                        . = ALIGN (0x8)
                [!provide]                        PROVIDE (__end_data_RAM2 = .)
                [!provide]                        PROVIDE (__end_data_SRAM_LOWER = .)

.data_RAM3      0x14000000        0x0 load address 0x000011e8
 FILL mask 0xff
                [!provide]                        PROVIDE (__start_data_RAM3 = .)
                [!provide]                        PROVIDE (__start_data_FLEX_RAM = .)
 *(SORT_BY_ALIGNMENT(.ramfunc.$RAM3))
 *(SORT_BY_ALIGNMENT(.ramfunc.$FLEX_RAM))
 *(SORT_BY_ALIGNMENT(.data.$RAM3))
 *(SORT_BY_ALIGNMENT(.data.$FLEX_RAM))
 *(SORT_BY_ALIGNMENT(.data.$RAM3.*))
 *(SORT_BY_ALIGNMENT(.data.$FLEX_RAM.*))
                0x14000000                        . = ALIGN (0x8)
                [!provide]                        PROVIDE (__end_data_RAM3 = .)
                [!provide]                        PROVIDE (__end_data_FLEX_RAM = .)

.uninit_RESERVED
                0x20000000        0x0
                0x20000000                        _start_uninit_RESERVED = .
 *(SORT_BY_ALIGNMENT(.bss.$RESERVED*))
                0x20000000                        . = ALIGN (0x8)
                0x20000000                        _end_uninit_RESERVED = .

.data           0x20000000        0x0 load address 0x000011e8
 FILL mask 0xff
                0x20000000                        _data = .
                [!provide]                        PROVIDE (__start_data_RAM = .)
                [!provide]                        PROVIDE (__start_data_SRAM_UPPER = .)
 *(SORT_BY_ALIGNMENT(vtable))
 *(SORT_BY_ALIGNMENT(.ramfunc*))
 *(SORT_BY_ALIGNMENT(CodeQuickAccess))
 *(SORT_BY_ALIGNMENT(DataQuickAccess))
 *(SORT_BY_ALIGNMENT(RamFunction))
 *(SORT_BY_ALIGNMENT(.data*))
                0x20000000                        . = ALIGN (0x8)
                0x20000000                        _edata = .
                [!provide]                        PROVIDE (__end_data_RAM = .)
                [!provide]                        PROVIDE (__end_data_SRAM_UPPER = .)

.igot.plt       0x20000000        0x0 load address 0x000011e8
 .igot.plt      0x20000000        0x0 ./source/drv/SysTick.o

.bss_RAM2       0x1fff0000        0x0
                [!provide]                        PROVIDE (__start_bss_RAM2 = .)
                [!provide]                        PROVIDE (__start_bss_SRAM_LOWER = .)
 *(SORT_BY_ALIGNMENT(.bss.$RAM2))
 *(SORT_BY_ALIGNMENT(.bss.$SRAM_LOWER))
 *(SORT_BY_ALIGNMENT(.bss.$RAM2.*))
 *(SORT_BY_ALIGNMENT(.bss.$SRAM_LOWER.*))
                0x1fff0000                        . = ALIGN ((. != 0x0)?0x8:0x1)
                [!provide]                        PROVIDE (__end_bss_RAM2 = .)
                [!provide]                        PROVIDE (__end_bss_SRAM_LOWER = .)

.bss_RAM3       0x14000000        0x0
                [!provide]                        PROVIDE (__start_bss_RAM3 = .)
                [!provide]                        PROVIDE (__start_bss_FLEX_RAM = .)
 *(SORT_BY_ALIGNMENT(.bss.$RAM3))
 *(SORT_BY_ALIGNMENT(.bss.$FLEX_RAM))
 *(SORT_BY_ALIGNMENT(.bss.$RAM3.*))
 *(SORT_BY_ALIGNMENT(.bss.$FLEX_RAM.*))
                0x14000000                        . = ALIGN ((. != 0x0)?0x8:0x1)
                [!provide]                        PROVIDE (__end_bss_RAM3 = .)
                [!provide]                        PROVIDE (__end_bss_FLEX_RAM = .)

.bss            0x20000000      0x300
                0x20000000                        _bss = .
                [!provide]                        PROVIDE (__start_bss_RAM = .)
                [!provide]                        PROVIDE (__start_bss_SRAM_UPPER = .)
 *(SORT_BY_ALIGNMENT(.bss*))
 .bss.cb        0x20000000        0x4 ./source/drv/SysTick.o
 .bss.callback_tbl
                0x20000004      0x280 ./source/drv/gpio.o
                0x20000004                callback_tbl
 .bss.timer     0x20000284       0x78 ./source/timer.o
 .bss.__LDM_interruptDisableCount
                0x200002fc        0x4 ./SDK/startup/hardware.o
 *(SORT_BY_ALIGNMENT(COMMON))
                0x20000300                        . = ALIGN (0x8)
                0x20000300                        _ebss = .
                [!provide]                        PROVIDE (__end_bss_RAM = .)
                [!provide]                        PROVIDE (__end_bss_SRAM_UPPER = .)
                [!provide]                        PROVIDE (end = .)

.noinit_RAM2    0x1fff0000        0x0
                [!provide]                        PROVIDE (__start_noinit_RAM2 = .)
                [!provide]                        PROVIDE (__start_noinit_SRAM_LOWER = .)
 *(SORT_BY_ALIGNMENT(.noinit.$RAM2))
 *(SORT_BY_ALIGNMENT(.noinit.$SRAM_LOWER))
 *(SORT_BY_ALIGNMENT(.noinit.$RAM2.*))
 *(SORT_BY_ALIGNMENT(.noinit.$SRAM_LOWER.*))
                0x1fff0000                        . = ALIGN (0x8)
                [!provide]                        PROVIDE (__end_noinit_RAM2 = .)
                [!provide]                        PROVIDE (__end_noinit_SRAM_LOWER = .)

.noinit_RAM3    0x14000000        0x0
                [!provide]                        PROVIDE (__start_noinit_RAM3 = .)
                [!provide]                        PROVIDE (__start_noinit_FLEX_RAM = .)
 *(SORT_BY_ALIGNMENT(.noinit.$RAM3))
 *(SORT_BY_ALIGNMENT(.noinit.$FLEX_RAM))
 *(SORT_BY_ALIGNMENT(.noinit.$RAM3.*))
 *(SORT_BY_ALIGNMENT(.noinit.$FLEX_RAM.*))
                0x14000000                        . = ALIGN (0x8)
                [!provide]                        PROVIDE (__end_noinit_RAM3 = .)
                [!provide]                        PROVIDE (__end_noinit_FLEX_RAM = .)

.noinit         0x20000300        0x0
                0x20000300                        _noinit = .
                [!provide]                        PROVIDE (__start_noinit_RAM = .)
                [!provide]                        PROVIDE (__start_noinit_SRAM_UPPER = .)
 *(SORT_BY_ALIGNMENT(.noinit*))
                0x20000300                        . = ALIGN (0x8)
                0x20000300                        _end_noinit = .
                [!provide]                        PROVIDE (__end_noinit_RAM = .)
                [!provide]                        PROVIDE (__end_noinit_SRAM_UPPER = .)
                0x00001000                        _HeapSize = 0x1000

.heap           0x20000300     0x1000
                0x20000300                        _pvHeapStart = .
                0x20001300                        . = (. + _HeapSize)
 *fill*         0x20000300     0x1000 
                0x20001300                        . = ALIGN (0x8)
                0x20001300                        _pvHeapLimit = .
                0x00001000                        _StackSize = 0x1000

.heap2stackfill
                0x20001300     0x1000
                0x20002300                        . = (. + _StackSize)
 *fill*         0x20001300     0x1000 

.stack          0x2002f000        0x0
                0x2002f000                        _vStackBase = .
                0x2002f000                        . = ALIGN (0x8)
                0x20030000                        _vStackTop = (. + _StackSize)
                0x00000000                        _image_start = LOADADDR (.text)
                0x000011e8                        _image_end = (LOADADDR (.data) + SIZEOF (.data))
                0x000011e8                        _image_size = (_image_end - _image_start)
OUTPUT(code_tp1.axf elf32-littlearm)
LOAD linker stubs

.debug_info     0x00000000     0x2a06
 .debug_info    0x00000000      0x15d ./source/drv/SysTick.o
 .debug_info    0x0000015d      0x8ea ./source/drv/gpio.o
 .debug_info    0x00000a47      0x20d ./source/app/App.o
 .debug_info    0x00000c54      0x2cf ./source/timer.o
 .debug_info    0x00000f23      0x6b2 ./SDK/startup/hardware.o
 .debug_info    0x000015d5       0xae ./SDK/startup/main.o
 .debug_info    0x00001683       0x3c ./SDK/startup/semihost_hardfault.o
 .debug_info    0x000016bf      0xd0c ./SDK/startup/startup_mk64f12.o
 .debug_info    0x000023cb      0x63b ./SDK/CMSIS/system_MK64F12.o

.debug_abbrev   0x00000000      0xace
 .debug_abbrev  0x00000000      0x110 ./source/drv/SysTick.o
 .debug_abbrev  0x00000110      0x226 ./source/drv/gpio.o
 .debug_abbrev  0x00000336      0x154 ./source/app/App.o
 .debug_abbrev  0x0000048a      0x1a7 ./source/timer.o
 .debug_abbrev  0x00000631      0x12e ./SDK/startup/hardware.o
 .debug_abbrev  0x0000075f       0x5c ./SDK/startup/main.o
 .debug_abbrev  0x000007bb       0x31 ./SDK/startup/semihost_hardfault.o
 .debug_abbrev  0x000007ec      0x19a ./SDK/startup/startup_mk64f12.o
 .debug_abbrev  0x00000986      0x148 ./SDK/CMSIS/system_MK64F12.o

.debug_aranges  0x00000000      0x500
 .debug_aranges
                0x00000000       0x30 ./source/drv/SysTick.o
 .debug_aranges
                0x00000030       0x70 ./source/drv/gpio.o
 .debug_aranges
                0x000000a0       0x40 ./source/app/App.o
 .debug_aranges
                0x000000e0       0x50 ./source/timer.o
 .debug_aranges
                0x00000130       0x30 ./SDK/startup/hardware.o
 .debug_aranges
                0x00000160       0x20 ./SDK/startup/main.o
 .debug_aranges
                0x00000180       0x20 ./SDK/startup/semihost_hardfault.o
 .debug_aranges
                0x000001a0      0x330 ./SDK/startup/startup_mk64f12.o
 .debug_aranges
                0x000004d0       0x30 ./SDK/CMSIS/system_MK64F12.o

.debug_ranges   0x00000000      0x470
 .debug_ranges  0x00000000       0x20 ./source/drv/SysTick.o
 .debug_ranges  0x00000020       0x60 ./source/drv/gpio.o
 .debug_ranges  0x00000080       0x30 ./source/app/App.o
 .debug_ranges  0x000000b0       0x40 ./source/timer.o
 .debug_ranges  0x000000f0       0x20 ./SDK/startup/hardware.o
 .debug_ranges  0x00000110       0x10 ./SDK/startup/main.o
 .debug_ranges  0x00000120       0x10 ./SDK/startup/semihost_hardfault.o
 .debug_ranges  0x00000130      0x320 ./SDK/startup/startup_mk64f12.o
 .debug_ranges  0x00000450       0x20 ./SDK/CMSIS/system_MK64F12.o

.debug_macro    0x00000000    0x11895
 .debug_macro   0x00000000       0xbd ./source/drv/SysTick.o
 .debug_macro   0x000000bd      0xad8 ./source/drv/SysTick.o
 .debug_macro   0x00000b95       0x22 ./source/drv/SysTick.o
 .debug_macro   0x00000bb7      0x190 ./source/drv/SysTick.o
 .debug_macro   0x00000d47      0x34e ./source/drv/SysTick.o
 .debug_macro   0x00001095       0x10 ./source/drv/SysTick.o
 .debug_macro   0x000010a5       0x5c ./source/drv/SysTick.o
 .debug_macro   0x00001101       0x1c ./source/drv/SysTick.o
 .debug_macro   0x0000111d       0x22 ./source/drv/SysTick.o
 .debug_macro   0x0000113f       0xd9 ./source/drv/SysTick.o
 .debug_macro   0x00001218      0xecf ./source/drv/SysTick.o
 .debug_macro   0x000020e7       0x48 ./source/drv/SysTick.o
 .debug_macro   0x0000212f     0xe07b ./source/drv/SysTick.o
 .debug_macro   0x000101aa     0x122b ./source/drv/SysTick.o
 .debug_macro   0x000113d5       0x16 ./source/drv/SysTick.o
 .debug_macro   0x000113eb       0x4c ./source/drv/SysTick.o
 .debug_macro   0x00011437       0x3a ./source/drv/SysTick.o
 .debug_macro   0x00011471       0xbe ./source/drv/gpio.o
 .debug_macro   0x0001152f       0x46 ./source/drv/gpio.o
 .debug_macro   0x00011575       0x58 ./source/app/App.o
 .debug_macro   0x000115cd       0x34 ./source/app/App.o
 .debug_macro   0x00011601       0x22 ./source/app/App.o
 .debug_macro   0x00011623       0x54 ./source/timer.o
 .debug_macro   0x00011677       0x1c ./source/timer.o
 .debug_macro   0x00011693       0x10 ./source/timer.o
 .debug_macro   0x000116a3       0x9c ./SDK/startup/hardware.o
 .debug_macro   0x0001173f       0x9c ./SDK/startup/main.o
 .debug_macro   0x000117db       0x11 ./SDK/startup/semihost_hardfault.o
 .debug_macro   0x000117ec       0x29 ./SDK/startup/startup_mk64f12.o
 .debug_macro   0x00011815       0x80 ./SDK/CMSIS/system_MK64F12.o

.debug_line     0x00000000     0x1dec
 .debug_line    0x00000000      0x240 ./source/drv/SysTick.o
 .debug_line    0x00000240      0x52c ./source/drv/gpio.o
 .debug_line    0x0000076c      0x1cd ./source/app/App.o
 .debug_line    0x00000939      0x2af ./source/timer.o
 .debug_line    0x00000be8      0x2b9 ./SDK/startup/hardware.o
 .debug_line    0x00000ea1      0x1b9 ./SDK/startup/main.o
 .debug_line    0x0000105a       0x5f ./SDK/startup/semihost_hardfault.o
 .debug_line    0x000010b9      0xa0d ./SDK/startup/startup_mk64f12.o
 .debug_line    0x00001ac6      0x326 ./SDK/CMSIS/system_MK64F12.o

.debug_str      0x00000000    0x78876
 .debug_str     0x00000000    0x78876 ./source/drv/SysTick.o
                              0x77668 (size before relaxing)
 .debug_str     0x00078876    0x77cf8 ./source/drv/gpio.o
 .debug_str     0x00078876     0x3c5c ./source/app/App.o
 .debug_str     0x00078876     0x3e97 ./source/timer.o
 .debug_str     0x00078876    0x77345 ./SDK/startup/hardware.o
 .debug_str     0x00078876    0x77152 ./SDK/startup/main.o
 .debug_str     0x00078876     0x2eb9 ./SDK/startup/semihost_hardfault.o
 .debug_str     0x00078876     0x3745 ./SDK/startup/startup_mk64f12.o
 .debug_str     0x00078876    0x77264 ./SDK/CMSIS/system_MK64F12.o

.comment        0x00000000       0x45
 .comment       0x00000000       0x45 ./source/drv/SysTick.o
                                 0x46 (size before relaxing)
 .comment       0x00000045       0x46 ./source/drv/gpio.o
 .comment       0x00000045       0x46 ./source/app/App.o
 .comment       0x00000045       0x46 ./source/timer.o
 .comment       0x00000045       0x46 ./SDK/startup/hardware.o
 .comment       0x00000045       0x46 ./SDK/startup/main.o
 .comment       0x00000045       0x46 ./SDK/startup/semihost_hardfault.o
 .comment       0x00000045       0x46 ./SDK/startup/startup_mk64f12.o
 .comment       0x00000045       0x46 ./SDK/CMSIS/system_MK64F12.o

.ARM.attributes
                0x00000000       0x34
 .ARM.attributes
                0x00000000       0x34 ./source/drv/SysTick.o
 .ARM.attributes
                0x00000034       0x34 ./source/drv/gpio.o
 .ARM.attributes
                0x00000068       0x34 ./source/app/App.o
 .ARM.attributes
                0x0000009c       0x34 ./source/timer.o
 .ARM.attributes
                0x000000d0       0x34 ./SDK/startup/hardware.o
 .ARM.attributes
                0x00000104       0x34 ./SDK/startup/main.o
 .ARM.attributes
                0x00000138       0x34 ./SDK/startup/semihost_hardfault.o
 .ARM.attributes
                0x0000016c       0x34 ./SDK/startup/startup_mk64f12.o
 .ARM.attributes
                0x000001a0       0x34 ./SDK/CMSIS/system_MK64F12.o

.debug_frame    0x00000000      0xe6c
 .debug_frame   0x00000000       0x84 ./source/drv/SysTick.o
 .debug_frame   0x00000084      0x1ec ./source/drv/gpio.o
 .debug_frame   0x00000270       0xb0 ./source/app/App.o
 .debug_frame   0x00000320      0x118 ./source/timer.o
 .debug_frame   0x00000438       0x70 ./SDK/startup/hardware.o
 .debug_frame   0x000004a8       0x2c ./SDK/startup/main.o
 .debug_frame   0x000004d4       0x20 ./SDK/startup/semihost_hardfault.o
 .debug_frame   0x000004f4      0x904 ./SDK/startup/startup_mk64f12.o
 .debug_frame   0x00000df8       0x74 ./SDK/CMSIS/system_MK64F12.o

.debug_loc      0x00000000      0x1f9
 .debug_loc     0x00000000      0x1f9 ./SDK/startup/startup_mk64f12.o
