
Discarded input sections

 .group         0x00000000        0xc ./source/drv/SysTick.o
 .group         0x00000000        0xc ./source/drv/SysTick.o
 .group         0x00000000        0xc ./source/drv/SysTick.o
 .group         0x00000000        0xc ./source/drv/SysTick.o
 .group         0x00000000        0xc ./source/drv/SysTick.o
 .group         0x00000000        0xc ./source/drv/SysTick.o
 .group         0x00000000        0xc ./source/drv/SysTick.o
 .group         0x00000000        0xc ./source/drv/SysTick.o
 .group         0x00000000        0xc ./source/drv/SysTick.o
 .group         0x00000000        0xc ./source/drv/SysTick.o
 .group         0x00000000        0xc ./source/drv/SysTick.o
 .group         0x00000000        0xc ./source/drv/SysTick.o
 .group         0x00000000        0xc ./source/drv/SysTick.o
 .group         0x00000000        0xc ./source/drv/SysTick.o
 .group         0x00000000        0xc ./source/drv/SysTick.o
 .group         0x00000000        0xc ./source/drv/SysTick.o
 .text          0x00000000        0x0 ./source/drv/SysTick.o
 .data          0x00000000        0x0 ./source/drv/SysTick.o
 .bss           0x00000000        0x0 ./source/drv/SysTick.o
 .text.SysTick_Init
                0x00000000       0x58 ./source/drv/SysTick.o
 .text.getValue_SysTick
                0x00000000       0x18 ./source/drv/SysTick.o
 .group         0x00000000        0xc ./source/drv/gpio.o
 .group         0x00000000        0xc ./source/drv/gpio.o
 .group         0x00000000        0xc ./source/drv/gpio.o
 .group         0x00000000        0xc ./source/drv/gpio.o
 .group         0x00000000        0xc ./source/drv/gpio.o
 .group         0x00000000        0xc ./source/drv/gpio.o
 .group         0x00000000        0xc ./source/drv/gpio.o
 .group         0x00000000        0xc ./source/drv/gpio.o
 .group         0x00000000        0xc ./source/drv/gpio.o
 .group         0x00000000        0xc ./source/drv/gpio.o
 .group         0x00000000        0xc ./source/drv/gpio.o
 .group         0x00000000        0xc ./source/drv/gpio.o
 .group         0x00000000        0xc ./source/drv/gpio.o
 .group         0x00000000        0xc ./source/drv/gpio.o
 .group         0x00000000        0xc ./source/drv/gpio.o
 .text          0x00000000        0x0 ./source/drv/gpio.o
 .data          0x00000000        0x0 ./source/drv/gpio.o
 .bss           0x00000000        0x0 ./source/drv/gpio.o
 .text.__NVIC_EnableIRQ
                0x00000000       0x3c ./source/drv/gpio.o
 .text.gpioToggle
                0x00000000       0x50 ./source/drv/gpio.o
 .text.gpioRead
                0x00000000       0x54 ./source/drv/gpio.o
 .text.gpioIRQ  0x00000000       0xd0 ./source/drv/gpio.o
 .debug_macro   0x00000000      0xad8 ./source/drv/gpio.o
 .debug_macro   0x00000000      0x190 ./source/drv/gpio.o
 .debug_macro   0x00000000       0x5c ./source/drv/gpio.o
 .debug_macro   0x00000000      0x34e ./source/drv/gpio.o
 .debug_macro   0x00000000       0x1c ./source/drv/gpio.o
 .debug_macro   0x00000000       0x22 ./source/drv/gpio.o
 .debug_macro   0x00000000       0xd9 ./source/drv/gpio.o
 .debug_macro   0x00000000      0xecf ./source/drv/gpio.o
 .debug_macro   0x00000000       0x48 ./source/drv/gpio.o
 .debug_macro   0x00000000     0xe07b ./source/drv/gpio.o
 .debug_macro   0x00000000       0x22 ./source/drv/gpio.o
 .debug_macro   0x00000000       0x10 ./source/drv/gpio.o
 .debug_macro   0x00000000     0x122b ./source/drv/gpio.o
 .debug_macro   0x00000000       0x16 ./source/drv/gpio.o
 .group         0x00000000        0xc ./source/drv/mag_strip.o
 .group         0x00000000        0xc ./source/drv/mag_strip.o
 .group         0x00000000        0xc ./source/drv/mag_strip.o
 .group         0x00000000        0xc ./source/drv/mag_strip.o
 .group         0x00000000        0xc ./source/drv/mag_strip.o
 .text          0x00000000        0x0 ./source/drv/mag_strip.o
 .data          0x00000000        0x0 ./source/drv/mag_strip.o
 .bss           0x00000000        0x0 ./source/drv/mag_strip.o
 .bss.unprocessed_digits
                0x00000000       0x28 ./source/drv/mag_strip.o
 .bss.is_data_ready
                0x00000000        0x1 ./source/drv/mag_strip.o
 .text.magStrip_Init
                0x00000000       0x54 ./source/drv/mag_strip.o
 .text.processStripData
                0x00000000       0x1c ./source/drv/mag_strip.o
 .text.releaseData
                0x00000000       0x18 ./source/drv/mag_strip.o
 .text.validateData
                0x00000000       0x3c ./source/drv/mag_strip.o
 .text.readTrack2Data
                0x00000000       0xd8 ./source/drv/mag_strip.o
 .bss.already_initialized.4
                0x00000000        0x4 ./source/drv/mag_strip.o
 .bss.i.3       0x00000000        0x1 ./source/drv/mag_strip.o
 .bss.es_found.2
                0x00000000        0x1 ./source/drv/mag_strip.o
 .bss.bit_shift.1
                0x00000000        0x1 ./source/drv/mag_strip.o
 .bss.buffer.0  0x00000000        0x1 ./source/drv/mag_strip.o
 .debug_info    0x00000000      0x279 ./source/drv/mag_strip.o
 .debug_abbrev  0x00000000      0x177 ./source/drv/mag_strip.o
 .debug_aranges
                0x00000000       0x40 ./source/drv/mag_strip.o
 .debug_ranges  0x00000000       0x30 ./source/drv/mag_strip.o
 .debug_macro   0x00000000       0x6d ./source/drv/mag_strip.o
 .debug_macro   0x00000000      0xad8 ./source/drv/mag_strip.o
 .debug_macro   0x00000000      0x34e ./source/drv/mag_strip.o
 .debug_macro   0x00000000       0x22 ./source/drv/mag_strip.o
 .debug_macro   0x00000000       0x46 ./source/drv/mag_strip.o
 .debug_macro   0x00000000       0x58 ./source/drv/mag_strip.o
 .debug_line    0x00000000      0x227 ./source/drv/mag_strip.o
 .debug_str     0x00000000     0x3de0 ./source/drv/mag_strip.o
 .comment       0x00000000       0x46 ./source/drv/mag_strip.o
 .debug_frame   0x00000000       0xb0 ./source/drv/mag_strip.o
 .ARM.attributes
                0x00000000       0x34 ./source/drv/mag_strip.o
 .group         0x00000000        0xc ./source/drv/rotary_encoder.o
 .text          0x00000000        0x0 ./source/drv/rotary_encoder.o
 .data          0x00000000        0x0 ./source/drv/rotary_encoder.o
 .bss           0x00000000        0x0 ./source/drv/rotary_encoder.o
 .debug_info    0x00000000       0x21 ./source/drv/rotary_encoder.o
 .debug_abbrev  0x00000000       0x13 ./source/drv/rotary_encoder.o
 .debug_aranges
                0x00000000       0x18 ./source/drv/rotary_encoder.o
 .debug_macro   0x00000000       0x11 ./source/drv/rotary_encoder.o
 .debug_macro   0x00000000      0xad8 ./source/drv/rotary_encoder.o
 .debug_line    0x00000000       0x3f ./source/drv/rotary_encoder.o
 .debug_str     0x00000000     0x2ea8 ./source/drv/rotary_encoder.o
 .comment       0x00000000       0x46 ./source/drv/rotary_encoder.o
 .ARM.attributes
                0x00000000       0x34 ./source/drv/rotary_encoder.o
 .group         0x00000000        0xc ./source/drv/shift_registers.o
 .group         0x00000000        0xc ./source/drv/shift_registers.o
 .group         0x00000000        0xc ./source/drv/shift_registers.o
 .group         0x00000000        0xc ./source/drv/shift_registers.o
 .group         0x00000000        0xc ./source/drv/shift_registers.o
 .group         0x00000000        0xc ./source/drv/shift_registers.o
 .text          0x00000000        0x0 ./source/drv/shift_registers.o
 .data          0x00000000        0x0 ./source/drv/shift_registers.o
 .bss           0x00000000        0x0 ./source/drv/shift_registers.o
 .debug_macro   0x00000000      0xad8 ./source/drv/shift_registers.o
 .debug_macro   0x00000000      0x34e ./source/drv/shift_registers.o
 .debug_macro   0x00000000       0x22 ./source/drv/shift_registers.o
 .debug_macro   0x00000000       0x46 ./source/drv/shift_registers.o
 .debug_macro   0x00000000       0x58 ./source/drv/shift_registers.o
 .group         0x00000000        0xc ./source/app/App.o
 .group         0x00000000        0xc ./source/app/App.o
 .group         0x00000000        0xc ./source/app/App.o
 .group         0x00000000        0xc ./source/app/App.o
 .group         0x00000000        0xc ./source/app/App.o
 .group         0x00000000        0xc ./source/app/App.o
 .text          0x00000000        0x0 ./source/app/App.o
 .data          0x00000000        0x0 ./source/app/App.o
 .bss           0x00000000        0x0 ./source/app/App.o
 .text.delayLoop
                0x00000000       0x22 ./source/app/App.o
 .text.foo      0x00000000       0x16 ./source/app/App.o
 .debug_macro   0x00000000      0xad8 ./source/app/App.o
 .debug_macro   0x00000000      0x34e ./source/app/App.o
 .debug_macro   0x00000000       0x22 ./source/app/App.o
 .debug_macro   0x00000000       0x46 ./source/app/App.o
 .debug_macro   0x00000000       0x58 ./source/app/App.o
 .group         0x00000000        0xc ./source/app/fsm.o
 .text          0x00000000        0x0 ./source/app/fsm.o
 .data          0x00000000        0x0 ./source/app/fsm.o
 .bss           0x00000000        0x0 ./source/app/fsm.o
 .debug_info    0x00000000       0x21 ./source/app/fsm.o
 .debug_abbrev  0x00000000       0x13 ./source/app/fsm.o
 .debug_aranges
                0x00000000       0x18 ./source/app/fsm.o
 .debug_macro   0x00000000       0x11 ./source/app/fsm.o
 .debug_macro   0x00000000      0xad8 ./source/app/fsm.o
 .debug_line    0x00000000       0x34 ./source/app/fsm.o
 .debug_str     0x00000000     0x2e9d ./source/app/fsm.o
 .comment       0x00000000       0x46 ./source/app/fsm.o
 .ARM.attributes
                0x00000000       0x34 ./source/app/fsm.o
 .group         0x00000000        0xc ./source/app/ui.o
 .text          0x00000000        0x0 ./source/app/ui.o
 .data          0x00000000        0x0 ./source/app/ui.o
 .bss           0x00000000        0x0 ./source/app/ui.o
 .debug_info    0x00000000       0x21 ./source/app/ui.o
 .debug_abbrev  0x00000000       0x13 ./source/app/ui.o
 .debug_aranges
                0x00000000       0x18 ./source/app/ui.o
 .debug_macro   0x00000000       0x11 ./source/app/ui.o
 .debug_macro   0x00000000      0xad8 ./source/app/ui.o
 .debug_line    0x00000000       0x33 ./source/app/ui.o
 .debug_str     0x00000000     0x2e9c ./source/app/ui.o
 .comment       0x00000000       0x46 ./source/app/ui.o
 .ARM.attributes
                0x00000000       0x34 ./source/app/ui.o
 .group         0x00000000        0xc ./source/display.o
 .group         0x00000000        0xc ./source/display.o
 .text          0x00000000        0x0 ./source/display.o
 .data          0x00000000        0x0 ./source/display.o
 .bss           0x00000000        0x0 ./source/display.o
 .rodata.bcd7Seg.str1.4
                0x00000000        0xb ./source/display.o
 .text.bcd7Seg  0x00000000       0x28 ./source/display.o
 .debug_macro   0x00000000      0xad8 ./source/display.o
 .debug_macro   0x00000000      0x34e ./source/display.o
 .group         0x00000000        0xc ./source/timer.o
 .text          0x00000000        0x0 ./source/timer.o
 .data          0x00000000        0x0 ./source/timer.o
 .bss           0x00000000        0x0 ./source/timer.o
 .debug_info    0x00000000       0x21 ./source/timer.o
 .debug_abbrev  0x00000000       0x13 ./source/timer.o
 .debug_aranges
                0x00000000       0x18 ./source/timer.o
 .debug_macro   0x00000000       0x11 ./source/timer.o
 .debug_macro   0x00000000      0xad8 ./source/timer.o
 .debug_line    0x00000000       0x32 ./source/timer.o
 .debug_str     0x00000000     0x2e9b ./source/timer.o
 .comment       0x00000000       0x46 ./source/timer.o
 .ARM.attributes
                0x00000000       0x34 ./source/timer.o
 .group         0x00000000        0xc ./SDK/startup/hardware.o
 .group         0x00000000        0xc ./SDK/startup/hardware.o
 .group         0x00000000        0xc ./SDK/startup/hardware.o
 .group         0x00000000        0xc ./SDK/startup/hardware.o
 .group         0x00000000        0xc ./SDK/startup/hardware.o
 .group         0x00000000        0xc ./SDK/startup/hardware.o
 .group         0x00000000        0xc ./SDK/startup/hardware.o
 .group         0x00000000        0xc ./SDK/startup/hardware.o
 .group         0x00000000        0xc ./SDK/startup/hardware.o
 .group         0x00000000        0xc ./SDK/startup/hardware.o
 .group         0x00000000        0xc ./SDK/startup/hardware.o
 .group         0x00000000        0xc ./SDK/startup/hardware.o
 .group         0x00000000        0xc ./SDK/startup/hardware.o
 .text          0x00000000        0x0 ./SDK/startup/hardware.o
 .data          0x00000000        0x0 ./SDK/startup/hardware.o
 .bss           0x00000000        0x0 ./SDK/startup/hardware.o
 .debug_macro   0x00000000      0xad8 ./SDK/startup/hardware.o
 .debug_macro   0x00000000      0x34e ./SDK/startup/hardware.o
 .debug_macro   0x00000000       0x22 ./SDK/startup/hardware.o
 .debug_macro   0x00000000       0x10 ./SDK/startup/hardware.o
 .debug_macro   0x00000000       0x5c ./SDK/startup/hardware.o
 .debug_macro   0x00000000       0x1c ./SDK/startup/hardware.o
 .debug_macro   0x00000000       0x22 ./SDK/startup/hardware.o
 .debug_macro   0x00000000       0xd9 ./SDK/startup/hardware.o
 .debug_macro   0x00000000      0xecf ./SDK/startup/hardware.o
 .debug_macro   0x00000000       0x48 ./SDK/startup/hardware.o
 .debug_macro   0x00000000     0xe07b ./SDK/startup/hardware.o
 .debug_macro   0x00000000     0x122b ./SDK/startup/hardware.o
 .debug_macro   0x00000000       0x16 ./SDK/startup/hardware.o
 .group         0x00000000        0xc ./SDK/startup/main.o
 .group         0x00000000        0xc ./SDK/startup/main.o
 .group         0x00000000        0xc ./SDK/startup/main.o
 .group         0x00000000        0xc ./SDK/startup/main.o
 .group         0x00000000        0xc ./SDK/startup/main.o
 .group         0x00000000        0xc ./SDK/startup/main.o
 .group         0x00000000        0xc ./SDK/startup/main.o
 .group         0x00000000        0xc ./SDK/startup/main.o
 .group         0x00000000        0xc ./SDK/startup/main.o
 .group         0x00000000        0xc ./SDK/startup/main.o
 .group         0x00000000        0xc ./SDK/startup/main.o
 .group         0x00000000        0xc ./SDK/startup/main.o
 .group         0x00000000        0xc ./SDK/startup/main.o
 .text          0x00000000        0x0 ./SDK/startup/main.o
 .data          0x00000000        0x0 ./SDK/startup/main.o
 .bss           0x00000000        0x0 ./SDK/startup/main.o
 .debug_macro   0x00000000      0xad8 ./SDK/startup/main.o
 .debug_macro   0x00000000      0x34e ./SDK/startup/main.o
 .debug_macro   0x00000000       0x22 ./SDK/startup/main.o
 .debug_macro   0x00000000       0x10 ./SDK/startup/main.o
 .debug_macro   0x00000000       0x5c ./SDK/startup/main.o
 .debug_macro   0x00000000       0x1c ./SDK/startup/main.o
 .debug_macro   0x00000000       0x22 ./SDK/startup/main.o
 .debug_macro   0x00000000       0xd9 ./SDK/startup/main.o
 .debug_macro   0x00000000      0xecf ./SDK/startup/main.o
 .debug_macro   0x00000000       0x48 ./SDK/startup/main.o
 .debug_macro   0x00000000     0xe07b ./SDK/startup/main.o
 .debug_macro   0x00000000     0x122b ./SDK/startup/main.o
 .debug_macro   0x00000000       0x16 ./SDK/startup/main.o
 .group         0x00000000        0xc ./SDK/startup/semihost_hardfault.o
 .text          0x00000000        0x0 ./SDK/startup/semihost_hardfault.o
 .data          0x00000000        0x0 ./SDK/startup/semihost_hardfault.o
 .bss           0x00000000        0x0 ./SDK/startup/semihost_hardfault.o
 .debug_macro   0x00000000      0xad8 ./SDK/startup/semihost_hardfault.o
 .group         0x00000000        0xc ./SDK/startup/startup_mk64f12.o
 .text          0x00000000        0x0 ./SDK/startup/startup_mk64f12.o
 .data          0x00000000        0x0 ./SDK/startup/startup_mk64f12.o
 .bss           0x00000000        0x0 ./SDK/startup/startup_mk64f12.o
 .text.PORTA_IRQHandler
                0x00000000        0x8 ./SDK/startup/startup_mk64f12.o
 .text.PORTB_IRQHandler
                0x00000000        0x8 ./SDK/startup/startup_mk64f12.o
 .text.PORTC_IRQHandler
                0x00000000        0x8 ./SDK/startup/startup_mk64f12.o
 .text.PORTD_IRQHandler
                0x00000000        0x8 ./SDK/startup/startup_mk64f12.o
 .text.PORTE_IRQHandler
                0x00000000        0x8 ./SDK/startup/startup_mk64f12.o
 .debug_macro   0x00000000      0xad8 ./SDK/startup/startup_mk64f12.o
 .group         0x00000000        0xc ./SDK/CMSIS/system_MK64F12.o
 .group         0x00000000        0xc ./SDK/CMSIS/system_MK64F12.o
 .group         0x00000000        0xc ./SDK/CMSIS/system_MK64F12.o
 .group         0x00000000        0xc ./SDK/CMSIS/system_MK64F12.o
 .group         0x00000000        0xc ./SDK/CMSIS/system_MK64F12.o
 .group         0x00000000        0xc ./SDK/CMSIS/system_MK64F12.o
 .group         0x00000000        0xc ./SDK/CMSIS/system_MK64F12.o
 .group         0x00000000        0xc ./SDK/CMSIS/system_MK64F12.o
 .group         0x00000000        0xc ./SDK/CMSIS/system_MK64F12.o
 .group         0x00000000        0xc ./SDK/CMSIS/system_MK64F12.o
 .group         0x00000000        0xc ./SDK/CMSIS/system_MK64F12.o
 .text          0x00000000        0x0 ./SDK/CMSIS/system_MK64F12.o
 .data          0x00000000        0x0 ./SDK/CMSIS/system_MK64F12.o
 .bss           0x00000000        0x0 ./SDK/CMSIS/system_MK64F12.o
 .data.SystemCoreClock
                0x00000000        0x4 ./SDK/CMSIS/system_MK64F12.o
 .text.SystemCoreClockUpdate
                0x00000000      0x28c ./SDK/CMSIS/system_MK64F12.o
 .debug_macro   0x00000000      0xad8 ./SDK/CMSIS/system_MK64F12.o
 .debug_macro   0x00000000      0x34e ./SDK/CMSIS/system_MK64F12.o
 .debug_macro   0x00000000       0x10 ./SDK/CMSIS/system_MK64F12.o
 .debug_macro   0x00000000       0x5c ./SDK/CMSIS/system_MK64F12.o
 .debug_macro   0x00000000       0x1c ./SDK/CMSIS/system_MK64F12.o
 .debug_macro   0x00000000       0x22 ./SDK/CMSIS/system_MK64F12.o
 .debug_macro   0x00000000       0xd9 ./SDK/CMSIS/system_MK64F12.o
 .debug_macro   0x00000000      0xecf ./SDK/CMSIS/system_MK64F12.o
 .debug_macro   0x00000000       0x48 ./SDK/CMSIS/system_MK64F12.o
 .debug_macro   0x00000000     0xe07b ./SDK/CMSIS/system_MK64F12.o
 .debug_macro   0x00000000     0x122b ./SDK/CMSIS/system_MK64F12.o

Memory Configuration

Name             Origin             Length             Attributes
PROGRAM_FLASH    0x00000000         0x00100000         xr
SRAM_UPPER       0x20000000         0x00030000         xrw
SRAM_LOWER       0x1fff0000         0x00010000         xrw
FLEX_RAM         0x14000000         0x00001000         xrw
*default*        0x00000000         0xffffffff

Linker script and memory map

LOAD ./source/drv/SysTick.o
LOAD ./source/drv/gpio.o
LOAD ./source/drv/mag_strip.o
LOAD ./source/drv/rotary_encoder.o
LOAD ./source/drv/shift_registers.o
LOAD ./source/app/App.o
LOAD ./source/app/fsm.o
LOAD ./source/app/ui.o
LOAD ./source/display.o
LOAD ./source/timer.o
LOAD ./SDK/startup/hardware.o
LOAD ./SDK/startup/main.o
LOAD ./SDK/startup/semihost_hardfault.o
LOAD ./SDK/startup/startup_mk64f12.o
LOAD ./SDK/CMSIS/system_MK64F12.o
START GROUP
LOAD C:/nxp/MCUXpressoIDE_25.6.136/ide/plugins/com.nxp.mcuxpresso.tools.win32_25.6.0.202501151204/tools/bin/../lib/gcc/arm-none-eabi/14.2.1/../../../../arm-none-eabi/lib/thumb/v7e-m+fp/hard\libcr_c.a
LOAD C:/nxp/MCUXpressoIDE_25.6.136/ide/plugins/com.nxp.mcuxpresso.tools.win32_25.6.0.202501151204/tools/bin/../lib/gcc/arm-none-eabi/14.2.1/thumb/v7e-m+fp/hard\libcr_eabihelpers.a
LOAD C:/nxp/MCUXpressoIDE_25.6.136/ide/plugins/com.nxp.mcuxpresso.tools.win32_25.6.0.202501151204/tools/bin/../lib/gcc/arm-none-eabi/14.2.1/thumb/v7e-m+fp/hard\libgcc.a
END GROUP
                0x00000000                        __base_PROGRAM_FLASH = 0x0
                0x00000000                        __base_Flash = 0x0
                0x00100000                        __top_PROGRAM_FLASH = 0x100000
                0x00100000                        __top_Flash = 0x100000
                0x20000000                        __base_SRAM_UPPER = 0x20000000
                0x20000000                        __base_RAM = 0x20000000
                0x20030000                        __top_SRAM_UPPER = 0x20030000
                0x20030000                        __top_RAM = 0x20030000
                0x1fff0000                        __base_SRAM_LOWER = 0x1fff0000
                0x1fff0000                        __base_RAM2 = 0x1fff0000
                0x20000000                        __top_SRAM_LOWER = 0x20000000
                0x20000000                        __top_RAM2 = 0x20000000
                0x14000000                        __base_FLEX_RAM = 0x14000000
                0x14000000                        __base_RAM3 = 0x14000000
                0x14001000                        __top_FLEX_RAM = 0x14001000
                0x14001000                        __top_RAM3 = 0x14001000

.text           0x00000000      0xe60
 FILL mask 0xff
                0x00000000                        __vectors_start__ = ABSOLUTE (.)
 *(SORT_BY_ALIGNMENT(.isr_vector))
 .isr_vector    0x00000000      0x198 ./SDK/startup/startup_mk64f12.o
                0x00000000                g_pfnVectors
                0x00000000                __Vectors
                0x00000198                        . = ALIGN (0x4)
                0x00000198                        __section_table_start = .
                0x00000198                        __data_section_table = .
                0x00000198        0x4 LONG 0xe60 LOADADDR (.data)
                0x0000019c        0x4 LONG 0x20000000 ADDR (.data)
                0x000001a0        0x4 LONG 0x0 SIZEOF (.data)
                0x000001a4        0x4 LONG 0xe60 LOADADDR (.data_RAM2)
                0x000001a8        0x4 LONG 0x1fff0000 ADDR (.data_RAM2)
                0x000001ac        0x4 LONG 0x0 SIZEOF (.data_RAM2)
                0x000001b0        0x4 LONG 0xe60 LOADADDR (.data_RAM3)
                0x000001b4        0x4 LONG 0x14000000 ADDR (.data_RAM3)
                0x000001b8        0x4 LONG 0x0 SIZEOF (.data_RAM3)
                0x000001bc                        __data_section_table_end = .
                0x000001bc                        __bss_section_table = .
                0x000001bc        0x4 LONG 0x20000000 ADDR (.bss)
                0x000001c0        0x4 LONG 0x290 SIZEOF (.bss)
                0x000001c4        0x4 LONG 0x1fff0000 ADDR (.bss_RAM2)
                0x000001c8        0x4 LONG 0x0 SIZEOF (.bss_RAM2)
                0x000001cc        0x4 LONG 0x14000000 ADDR (.bss_RAM3)
                0x000001d0        0x4 LONG 0x0 SIZEOF (.bss_RAM3)
                0x000001d4                        __bss_section_table_end = .
                0x000001d4                        __section_table_end = .
 *(SORT_BY_ALIGNMENT(.after_vectors*))
 .after_vectors.reset
                0x000001d4       0x4c ./SDK/startup/startup_mk64f12.o
                0x000001d4                ResetISR
 .after_vectors.init_data
                0x00000220       0x1e ./SDK/startup/startup_mk64f12.o
                0x00000220                data_init
 .after_vectors.init_bss
                0x0000023e       0x12 ./SDK/startup/startup_mk64f12.o
                0x0000023e                bss_init
 .after_vectors
                0x00000250       0x14 ./SDK/startup/startup_mk64f12.o
                0x00000250                NMI_Handler
                0x00000254                MemManage_Handler
                0x00000256                BusFault_Handler
                0x00000258                UsageFault_Handler
                0x0000025a                SVC_Handler
                0x0000025c                DebugMon_Handler
                0x0000025e                PendSV_Handler
                0x00000262                DMA_Error_DriverIRQHandler
                0x00000262                LPTMR0_DriverIRQHandler
                0x00000262                FTM1_DriverIRQHandler
                0x00000262                FTM2_DriverIRQHandler
                0x00000262                PIT2_DriverIRQHandler
                0x00000262                SDHC_DriverIRQHandler
                0x00000262                I2S0_Tx_DriverIRQHandler
                0x00000262                RTC_Seconds_DriverIRQHandler
                0x00000262                DMA6_DriverIRQHandler
                0x00000262                LLWU_DriverIRQHandler
                0x00000262                MCM_DriverIRQHandler
                0x00000262                MCG_DriverIRQHandler
                0x00000262                ENET_1588_Timer_DriverIRQHandler
                0x00000262                I2C2_DriverIRQHandler
                0x00000262                DAC1_DriverIRQHandler
                0x00000262                SPI1_DriverIRQHandler
                0x00000262                CMP1_DriverIRQHandler
                0x00000262                UART5_RX_TX_DriverIRQHandler
                0x00000262                FTM0_DriverIRQHandler
                0x00000262                IntDefaultHandler
                0x00000262                USB0_DriverIRQHandler
                0x00000262                UART5_ERR_DriverIRQHandler
                0x00000262                PORTC_DriverIRQHandler
                0x00000262                DMA11_DriverIRQHandler
                0x00000262                DAC0_DriverIRQHandler
                0x00000262                DMA10_DriverIRQHandler
                0x00000262                CMP2_DriverIRQHandler
                0x00000262                UART2_ERR_DriverIRQHandler
                0x00000262                SPI2_DriverIRQHandler
                0x00000262                LVD_LVW_DriverIRQHandler
                0x00000262                PIT0_DriverIRQHandler
                0x00000262                RNG_DriverIRQHandler
                0x00000262                DMA5_DriverIRQHandler
                0x00000262                DMA12_DriverIRQHandler
                0x00000262                UART2_RX_TX_DriverIRQHandler
                0x00000262                USBDCD_DriverIRQHandler
                0x00000262                UART3_ERR_DriverIRQHandler
                0x00000262                DMA3_DriverIRQHandler
                0x00000262                DMA8_DriverIRQHandler
                0x00000262                DMA9_DriverIRQHandler
                0x00000262                UART0_ERR_DriverIRQHandler
                0x00000262                CMT_DriverIRQHandler
                0x00000262                Reserved71_DriverIRQHandler
                0x00000262                ADC1_DriverIRQHandler
                0x00000262                PORTA_DriverIRQHandler
                0x00000262                DMA14_DriverIRQHandler
                0x00000262                PIT3_DriverIRQHandler
                0x00000262                PIT1_DriverIRQHandler
                0x00000262                WDOG_EWM_DriverIRQHandler
                0x00000262                PDB0_DriverIRQHandler
                0x00000262                RTC_DriverIRQHandler
                0x00000262                I2S0_Rx_DriverIRQHandler
                0x00000262                Read_Collision_DriverIRQHandler
                0x00000262                SWI_DriverIRQHandler
                0x00000262                UART4_RX_TX_DriverIRQHandler
                0x00000262                UART4_ERR_DriverIRQHandler
                0x00000262                PORTB_DriverIRQHandler
                0x00000262                UART0_LON_DriverIRQHandler
                0x00000262                DMA0_DriverIRQHandler
                0x00000262                DMA1_DriverIRQHandler
                0x00000262                I2C1_DriverIRQHandler
                0x00000262                UART3_RX_TX_DriverIRQHandler
                0x00000262                ENET_Receive_DriverIRQHandler
                0x00000262                DMA13_DriverIRQHandler
                0x00000262                ENET_Error_DriverIRQHandler
                0x00000262                DMA15_DriverIRQHandler
                0x00000262                UART0_RX_TX_DriverIRQHandler
                0x00000262                SPI0_DriverIRQHandler
                0x00000262                ADC0_DriverIRQHandler
                0x00000262                CMP0_DriverIRQHandler
                0x00000262                CAN0_DriverIRQHandler
                0x00000262                FTM3_DriverIRQHandler
                0x00000262                DMA4_DriverIRQHandler
                0x00000262                UART1_ERR_DriverIRQHandler
                0x00000262                DMA2_DriverIRQHandler
                0x00000262                ENET_Transmit_DriverIRQHandler
                0x00000262                PORTD_DriverIRQHandler
                0x00000262                PORTE_DriverIRQHandler
                0x00000262                FTFE_DriverIRQHandler
                0x00000262                I2C0_DriverIRQHandler
                0x00000262                DMA7_DriverIRQHandler
                0x00000262                UART1_RX_TX_DriverIRQHandler
                0x00000400                        . = 0x400
 *fill*         0x00000264      0x19c ff
                0x00000400                        PROVIDE (__FLASH_CONFIG_START__ = .)
 *(SORT_BY_ALIGNMENT(.FlashConfig))
 .FlashConfig   0x00000400       0x10 ./SDK/startup/startup_mk64f12.o
                0x00000400                Flash_Config
                0x00000410                        PROVIDE (__FLASH_CONFIG_END__ = .)
                0x00000001                        ASSERT (! ((__FLASH_CONFIG_START__ == __FLASH_CONFIG_END__)), Linker Flash Config Support Enabled, but no .FlashConfig section provided within application)
 *(SORT_BY_ALIGNMENT(.text*))
 .text.SysTick_Handler
                0x00000410       0x24 ./source/drv/SysTick.o
                0x00000410                SysTick_Handler
 .text.gpioMode
                0x00000434      0x208 ./source/drv/gpio.o
                0x00000434                gpioMode
 .text.gpioWrite
                0x0000063c       0x90 ./source/drv/gpio.o
                0x0000063c                gpioWrite
 .text.PORTA_IRQHandler
                0x000006cc       0x64 ./source/drv/gpio.o
                0x000006cc                PORTA_IRQHandler
 .text.PORTB_IRQHandler
                0x00000730       0x64 ./source/drv/gpio.o
                0x00000730                PORTB_IRQHandler
 .text.PORTC_IRQHandler
                0x00000794       0x64 ./source/drv/gpio.o
                0x00000794                PORTC_IRQHandler
 .text.PORTD_IRQHandler
                0x000007f8       0x64 ./source/drv/gpio.o
                0x000007f8                PORTD_IRQHandler
 .text.PORTE_IRQHandler
                0x0000085c       0x64 ./source/drv/gpio.o
                0x0000085c                PORTE_IRQHandler
 .text.serialData_init
                0x000008c0       0x38 ./source/drv/shift_registers.o
                0x000008c0                serialData_init
 .text.hw_Init  0x000008f8      0x108 ./SDK/startup/hardware.o
                0x000008f8                hw_Init
 .text.hw_EnableInterrupts
                0x00000a00       0x30 ./SDK/startup/hardware.o
                0x00000a00                hw_EnableInterrupts
 .text.hw_DisableInterrupts
                0x00000a30       0x20 ./SDK/startup/hardware.o
                0x00000a30                hw_DisableInterrupts
 .text.SystemInit
                0x00000a50       0x3c ./SDK/CMSIS/system_MK64F12.o
                0x00000a50                SystemInit
 .text.sendSerialData
                0x00000a8c       0x70 ./source/drv/shift_registers.o
                0x00000a8c                sendSerialData
 .text.App_Init
                0x00000afc       0x14 ./source/app/App.o
                0x00000afc                App_Init
 .text.App_Run  0x00000b10       0x16 ./source/app/App.o
                0x00000b10                App_Run
 .text.display  0x00000b26       0x32 ./source/display.o
                0x00000b26                display
 .text.main     0x00000b58       0x1a ./SDK/startup/main.o
                0x00000b58                main
 .text.HardFault_Handler
                0x00000b72       0x2c ./SDK/startup/semihost_hardfault.o
                0x00000b72                HardFault_Handler
 .text.DMA0_IRQHandler
                0x00000b9e        0x8 ./SDK/startup/startup_mk64f12.o
                0x00000b9e                DMA0_IRQHandler
 .text.DMA1_IRQHandler
                0x00000ba6        0x8 ./SDK/startup/startup_mk64f12.o
                0x00000ba6                DMA1_IRQHandler
 .text.DMA2_IRQHandler
                0x00000bae        0x8 ./SDK/startup/startup_mk64f12.o
                0x00000bae                DMA2_IRQHandler
 .text.DMA3_IRQHandler
                0x00000bb6        0x8 ./SDK/startup/startup_mk64f12.o
                0x00000bb6                DMA3_IRQHandler
 .text.DMA4_IRQHandler
                0x00000bbe        0x8 ./SDK/startup/startup_mk64f12.o
                0x00000bbe                DMA4_IRQHandler
 .text.DMA5_IRQHandler
                0x00000bc6        0x8 ./SDK/startup/startup_mk64f12.o
                0x00000bc6                DMA5_IRQHandler
 .text.DMA6_IRQHandler
                0x00000bce        0x8 ./SDK/startup/startup_mk64f12.o
                0x00000bce                DMA6_IRQHandler
 .text.DMA7_IRQHandler
                0x00000bd6        0x8 ./SDK/startup/startup_mk64f12.o
                0x00000bd6                DMA7_IRQHandler
 .text.DMA8_IRQHandler
                0x00000bde        0x8 ./SDK/startup/startup_mk64f12.o
                0x00000bde                DMA8_IRQHandler
 .text.DMA9_IRQHandler
                0x00000be6        0x8 ./SDK/startup/startup_mk64f12.o
                0x00000be6                DMA9_IRQHandler
 .text.DMA10_IRQHandler
                0x00000bee        0x8 ./SDK/startup/startup_mk64f12.o
                0x00000bee                DMA10_IRQHandler
 .text.DMA11_IRQHandler
                0x00000bf6        0x8 ./SDK/startup/startup_mk64f12.o
                0x00000bf6                DMA11_IRQHandler
 .text.DMA12_IRQHandler
                0x00000bfe        0x8 ./SDK/startup/startup_mk64f12.o
                0x00000bfe                DMA12_IRQHandler
 .text.DMA13_IRQHandler
                0x00000c06        0x8 ./SDK/startup/startup_mk64f12.o
                0x00000c06                DMA13_IRQHandler
 .text.DMA14_IRQHandler
                0x00000c0e        0x8 ./SDK/startup/startup_mk64f12.o
                0x00000c0e                DMA14_IRQHandler
 .text.DMA15_IRQHandler
                0x00000c16        0x8 ./SDK/startup/startup_mk64f12.o
                0x00000c16                DMA15_IRQHandler
 .text.DMA_Error_IRQHandler
                0x00000c1e        0x8 ./SDK/startup/startup_mk64f12.o
                0x00000c1e                DMA_Error_IRQHandler
 .text.MCM_IRQHandler
                0x00000c26        0x8 ./SDK/startup/startup_mk64f12.o
                0x00000c26                MCM_IRQHandler
 .text.FTFE_IRQHandler
                0x00000c2e        0x8 ./SDK/startup/startup_mk64f12.o
                0x00000c2e                FTFE_IRQHandler
 .text.Read_Collision_IRQHandler
                0x00000c36        0x8 ./SDK/startup/startup_mk64f12.o
                0x00000c36                Read_Collision_IRQHandler
 .text.LVD_LVW_IRQHandler
                0x00000c3e        0x8 ./SDK/startup/startup_mk64f12.o
                0x00000c3e                LVD_LVW_IRQHandler
 .text.LLWU_IRQHandler
                0x00000c46        0x8 ./SDK/startup/startup_mk64f12.o
                0x00000c46                LLWU_IRQHandler
 .text.WDOG_EWM_IRQHandler
                0x00000c4e        0x8 ./SDK/startup/startup_mk64f12.o
                0x00000c4e                WDOG_EWM_IRQHandler
 .text.RNG_IRQHandler
                0x00000c56        0x8 ./SDK/startup/startup_mk64f12.o
                0x00000c56                RNG_IRQHandler
 .text.I2C0_IRQHandler
                0x00000c5e        0x8 ./SDK/startup/startup_mk64f12.o
                0x00000c5e                I2C0_IRQHandler
 .text.I2C1_IRQHandler
                0x00000c66        0x8 ./SDK/startup/startup_mk64f12.o
                0x00000c66                I2C1_IRQHandler
 .text.SPI0_IRQHandler
                0x00000c6e        0x8 ./SDK/startup/startup_mk64f12.o
                0x00000c6e                SPI0_IRQHandler
 .text.SPI1_IRQHandler
                0x00000c76        0x8 ./SDK/startup/startup_mk64f12.o
                0x00000c76                SPI1_IRQHandler
 .text.I2S0_Tx_IRQHandler
                0x00000c7e        0x8 ./SDK/startup/startup_mk64f12.o
                0x00000c7e                I2S0_Tx_IRQHandler
 .text.I2S0_Rx_IRQHandler
                0x00000c86        0x8 ./SDK/startup/startup_mk64f12.o
                0x00000c86                I2S0_Rx_IRQHandler
 .text.UART0_LON_IRQHandler
                0x00000c8e        0x8 ./SDK/startup/startup_mk64f12.o
                0x00000c8e                UART0_LON_IRQHandler
 .text.UART0_RX_TX_IRQHandler
                0x00000c96        0x8 ./SDK/startup/startup_mk64f12.o
                0x00000c96                UART0_RX_TX_IRQHandler
 .text.UART0_ERR_IRQHandler
                0x00000c9e        0x8 ./SDK/startup/startup_mk64f12.o
                0x00000c9e                UART0_ERR_IRQHandler
 .text.UART1_RX_TX_IRQHandler
                0x00000ca6        0x8 ./SDK/startup/startup_mk64f12.o
                0x00000ca6                UART1_RX_TX_IRQHandler
 .text.UART1_ERR_IRQHandler
                0x00000cae        0x8 ./SDK/startup/startup_mk64f12.o
                0x00000cae                UART1_ERR_IRQHandler
 .text.UART2_RX_TX_IRQHandler
                0x00000cb6        0x8 ./SDK/startup/startup_mk64f12.o
                0x00000cb6                UART2_RX_TX_IRQHandler
 .text.UART2_ERR_IRQHandler
                0x00000cbe        0x8 ./SDK/startup/startup_mk64f12.o
                0x00000cbe                UART2_ERR_IRQHandler
 .text.UART3_RX_TX_IRQHandler
                0x00000cc6        0x8 ./SDK/startup/startup_mk64f12.o
                0x00000cc6                UART3_RX_TX_IRQHandler
 .text.UART3_ERR_IRQHandler
                0x00000cce        0x8 ./SDK/startup/startup_mk64f12.o
                0x00000cce                UART3_ERR_IRQHandler
 .text.ADC0_IRQHandler
                0x00000cd6        0x8 ./SDK/startup/startup_mk64f12.o
                0x00000cd6                ADC0_IRQHandler
 .text.CMP0_IRQHandler
                0x00000cde        0x8 ./SDK/startup/startup_mk64f12.o
                0x00000cde                CMP0_IRQHandler
 .text.CMP1_IRQHandler
                0x00000ce6        0x8 ./SDK/startup/startup_mk64f12.o
                0x00000ce6                CMP1_IRQHandler
 .text.FTM0_IRQHandler
                0x00000cee        0x8 ./SDK/startup/startup_mk64f12.o
                0x00000cee                FTM0_IRQHandler
 .text.FTM1_IRQHandler
                0x00000cf6        0x8 ./SDK/startup/startup_mk64f12.o
                0x00000cf6                FTM1_IRQHandler
 .text.FTM2_IRQHandler
                0x00000cfe        0x8 ./SDK/startup/startup_mk64f12.o
                0x00000cfe                FTM2_IRQHandler
 .text.CMT_IRQHandler
                0x00000d06        0x8 ./SDK/startup/startup_mk64f12.o
                0x00000d06                CMT_IRQHandler
 .text.RTC_IRQHandler
                0x00000d0e        0x8 ./SDK/startup/startup_mk64f12.o
                0x00000d0e                RTC_IRQHandler
 .text.RTC_Seconds_IRQHandler
                0x00000d16        0x8 ./SDK/startup/startup_mk64f12.o
                0x00000d16                RTC_Seconds_IRQHandler
 .text.PIT0_IRQHandler
                0x00000d1e        0x8 ./SDK/startup/startup_mk64f12.o
                0x00000d1e                PIT0_IRQHandler
 .text.PIT1_IRQHandler
                0x00000d26        0x8 ./SDK/startup/startup_mk64f12.o
                0x00000d26                PIT1_IRQHandler
 .text.PIT2_IRQHandler
                0x00000d2e        0x8 ./SDK/startup/startup_mk64f12.o
                0x00000d2e                PIT2_IRQHandler
 .text.PIT3_IRQHandler
                0x00000d36        0x8 ./SDK/startup/startup_mk64f12.o
                0x00000d36                PIT3_IRQHandler
 .text.PDB0_IRQHandler
                0x00000d3e        0x8 ./SDK/startup/startup_mk64f12.o
                0x00000d3e                PDB0_IRQHandler
 .text.USB0_IRQHandler
                0x00000d46        0x8 ./SDK/startup/startup_mk64f12.o
                0x00000d46                USB0_IRQHandler
 .text.USBDCD_IRQHandler
                0x00000d4e        0x8 ./SDK/startup/startup_mk64f12.o
                0x00000d4e                USBDCD_IRQHandler
 .text.Reserved71_IRQHandler
                0x00000d56        0x8 ./SDK/startup/startup_mk64f12.o
                0x00000d56                Reserved71_IRQHandler
 .text.DAC0_IRQHandler
                0x00000d5e        0x8 ./SDK/startup/startup_mk64f12.o
                0x00000d5e                DAC0_IRQHandler
 .text.MCG_IRQHandler
                0x00000d66        0x8 ./SDK/startup/startup_mk64f12.o
                0x00000d66                MCG_IRQHandler
 .text.LPTMR0_IRQHandler
                0x00000d6e        0x8 ./SDK/startup/startup_mk64f12.o
                0x00000d6e                LPTMR0_IRQHandler
 .text.SWI_IRQHandler
                0x00000d76        0x8 ./SDK/startup/startup_mk64f12.o
                0x00000d76                SWI_IRQHandler
 .text.SPI2_IRQHandler
                0x00000d7e        0x8 ./SDK/startup/startup_mk64f12.o
                0x00000d7e                SPI2_IRQHandler
 .text.UART4_RX_TX_IRQHandler
                0x00000d86        0x8 ./SDK/startup/startup_mk64f12.o
                0x00000d86                UART4_RX_TX_IRQHandler
 .text.UART4_ERR_IRQHandler
                0x00000d8e        0x8 ./SDK/startup/startup_mk64f12.o
                0x00000d8e                UART4_ERR_IRQHandler
 .text.UART5_RX_TX_IRQHandler
                0x00000d96        0x8 ./SDK/startup/startup_mk64f12.o
                0x00000d96                UART5_RX_TX_IRQHandler
 .text.UART5_ERR_IRQHandler
                0x00000d9e        0x8 ./SDK/startup/startup_mk64f12.o
                0x00000d9e                UART5_ERR_IRQHandler
 .text.CMP2_IRQHandler
                0x00000da6        0x8 ./SDK/startup/startup_mk64f12.o
                0x00000da6                CMP2_IRQHandler
 .text.FTM3_IRQHandler
                0x00000dae        0x8 ./SDK/startup/startup_mk64f12.o
                0x00000dae                FTM3_IRQHandler
 .text.DAC1_IRQHandler
                0x00000db6        0x8 ./SDK/startup/startup_mk64f12.o
                0x00000db6                DAC1_IRQHandler
 .text.ADC1_IRQHandler
                0x00000dbe        0x8 ./SDK/startup/startup_mk64f12.o
                0x00000dbe                ADC1_IRQHandler
 .text.I2C2_IRQHandler
                0x00000dc6        0x8 ./SDK/startup/startup_mk64f12.o
                0x00000dc6                I2C2_IRQHandler
 .text.CAN0_ORed_Message_buffer_IRQHandler
                0x00000dce        0x8 ./SDK/startup/startup_mk64f12.o
                0x00000dce                CAN0_ORed_Message_buffer_IRQHandler
 .text.CAN0_Bus_Off_IRQHandler
                0x00000dd6        0x8 ./SDK/startup/startup_mk64f12.o
                0x00000dd6                CAN0_Bus_Off_IRQHandler
 .text.CAN0_Error_IRQHandler
                0x00000dde        0x8 ./SDK/startup/startup_mk64f12.o
                0x00000dde                CAN0_Error_IRQHandler
 .text.CAN0_Tx_Warning_IRQHandler
                0x00000de6        0x8 ./SDK/startup/startup_mk64f12.o
                0x00000de6                CAN0_Tx_Warning_IRQHandler
 .text.CAN0_Rx_Warning_IRQHandler
                0x00000dee        0x8 ./SDK/startup/startup_mk64f12.o
                0x00000dee                CAN0_Rx_Warning_IRQHandler
 .text.CAN0_Wake_Up_IRQHandler
                0x00000df6        0x8 ./SDK/startup/startup_mk64f12.o
                0x00000df6                CAN0_Wake_Up_IRQHandler
 .text.SDHC_IRQHandler
                0x00000dfe        0x8 ./SDK/startup/startup_mk64f12.o
                0x00000dfe                SDHC_IRQHandler
 .text.ENET_1588_Timer_IRQHandler
                0x00000e06        0x8 ./SDK/startup/startup_mk64f12.o
                0x00000e06                ENET_1588_Timer_IRQHandler
 .text.ENET_Transmit_IRQHandler
                0x00000e0e        0x8 ./SDK/startup/startup_mk64f12.o
                0x00000e0e                ENET_Transmit_IRQHandler
 .text.ENET_Receive_IRQHandler
                0x00000e16        0x8 ./SDK/startup/startup_mk64f12.o
                0x00000e16                ENET_Receive_IRQHandler
 .text.ENET_Error_IRQHandler
                0x00000e1e        0x8 ./SDK/startup/startup_mk64f12.o
                0x00000e1e                ENET_Error_IRQHandler
 .text.SystemInitHook
                0x00000e26        0xe ./SDK/CMSIS/system_MK64F12.o
                0x00000e26                SystemInitHook
 *(SORT_BY_ALIGNMENT(.rodata) SORT_BY_ALIGNMENT(.rodata.*) SORT_BY_ALIGNMENT(.constdata) SORT_BY_ALIGNMENT(.constdata.*))
 .rodata.kPort  0x00000e34       0x14 ./source/drv/gpio.o
 .rodata.kGpio  0x00000e48       0x14 ./source/drv/gpio.o
                0x00000e60                        . = ALIGN (0x8)
 *fill*         0x00000e5c        0x4 ff

.glue_7         0x00000e60        0x0
 .glue_7        0x00000e60        0x0 linker stubs

.glue_7t        0x00000e60        0x0
 .glue_7t       0x00000e60        0x0 linker stubs

.vfp11_veneer   0x00000e60        0x0
 .vfp11_veneer  0x00000e60        0x0 linker stubs

.v4_bx          0x00000e60        0x0
 .v4_bx         0x00000e60        0x0 linker stubs

.iplt           0x00000e60        0x0
 .iplt          0x00000e60        0x0 ./source/drv/SysTick.o

.rel.dyn        0x00000e60        0x0
 .rel.iplt      0x00000e60        0x0 ./source/drv/SysTick.o

.ARM.extab
 *(SORT_BY_ALIGNMENT(.ARM.extab*) SORT_BY_ALIGNMENT(.gnu.linkonce.armextab.*))

.ARM.exidx      0x00000e60        0x0
                0x00000e60                        __exidx_start = .
 *(SORT_BY_ALIGNMENT(.ARM.exidx*) SORT_BY_ALIGNMENT(.gnu.linkonce.armexidx.*))
                0x00000e60                        __exidx_end = .
                0x00000e60                        _etext = .

.m_usb_data
 *(SORT_BY_ALIGNMENT(m_usb_bdt))

.data_RAM2      0x1fff0000        0x0 load address 0x00000e60
 FILL mask 0xff
                [!provide]                        PROVIDE (__start_data_RAM2 = .)
                [!provide]                        PROVIDE (__start_data_SRAM_LOWER = .)
 *(SORT_BY_ALIGNMENT(.ramfunc.$RAM2))
 *(SORT_BY_ALIGNMENT(.ramfunc.$SRAM_LOWER))
 *(SORT_BY_ALIGNMENT(.data.$RAM2))
 *(SORT_BY_ALIGNMENT(.data.$SRAM_LOWER))
 *(SORT_BY_ALIGNMENT(.data.$RAM2.*))
 *(SORT_BY_ALIGNMENT(.data.$SRAM_LOWER.*))
                0x1fff0000                        . = ALIGN (0x8)
                [!provide]                        PROVIDE (__end_data_RAM2 = .)
                [!provide]                        PROVIDE (__end_data_SRAM_LOWER = .)

.data_RAM3      0x14000000        0x0 load address 0x00000e60
 FILL mask 0xff
                [!provide]                        PROVIDE (__start_data_RAM3 = .)
                [!provide]                        PROVIDE (__start_data_FLEX_RAM = .)
 *(SORT_BY_ALIGNMENT(.ramfunc.$RAM3))
 *(SORT_BY_ALIGNMENT(.ramfunc.$FLEX_RAM))
 *(SORT_BY_ALIGNMENT(.data.$RAM3))
 *(SORT_BY_ALIGNMENT(.data.$FLEX_RAM))
 *(SORT_BY_ALIGNMENT(.data.$RAM3.*))
 *(SORT_BY_ALIGNMENT(.data.$FLEX_RAM.*))
                0x14000000                        . = ALIGN (0x8)
                [!provide]                        PROVIDE (__end_data_RAM3 = .)
                [!provide]                        PROVIDE (__end_data_FLEX_RAM = .)

.uninit_RESERVED
                0x20000000        0x0
                0x20000000                        _start_uninit_RESERVED = .
 *(SORT_BY_ALIGNMENT(.bss.$RESERVED*))
                0x20000000                        . = ALIGN (0x8)
                0x20000000                        _end_uninit_RESERVED = .

.data           0x20000000        0x0 load address 0x00000e60
 FILL mask 0xff
                0x20000000                        _data = .
                [!provide]                        PROVIDE (__start_data_RAM = .)
                [!provide]                        PROVIDE (__start_data_SRAM_UPPER = .)
 *(SORT_BY_ALIGNMENT(vtable))
 *(SORT_BY_ALIGNMENT(.ramfunc*))
 *(SORT_BY_ALIGNMENT(CodeQuickAccess))
 *(SORT_BY_ALIGNMENT(DataQuickAccess))
 *(SORT_BY_ALIGNMENT(RamFunction))
 *(SORT_BY_ALIGNMENT(.data*))
                0x20000000                        . = ALIGN (0x8)
                0x20000000                        _edata = .
                [!provide]                        PROVIDE (__end_data_RAM = .)
                [!provide]                        PROVIDE (__end_data_SRAM_UPPER = .)

.igot.plt       0x20000000        0x0 load address 0x00000e60
 .igot.plt      0x20000000        0x0 ./source/drv/SysTick.o

.bss_RAM2       0x1fff0000        0x0
                [!provide]                        PROVIDE (__start_bss_RAM2 = .)
                [!provide]                        PROVIDE (__start_bss_SRAM_LOWER = .)
 *(SORT_BY_ALIGNMENT(.bss.$RAM2))
 *(SORT_BY_ALIGNMENT(.bss.$SRAM_LOWER))
 *(SORT_BY_ALIGNMENT(.bss.$RAM2.*))
 *(SORT_BY_ALIGNMENT(.bss.$SRAM_LOWER.*))
                0x1fff0000                        . = ALIGN ((. != 0x0)?0x8:0x1)
                [!provide]                        PROVIDE (__end_bss_RAM2 = .)
                [!provide]                        PROVIDE (__end_bss_SRAM_LOWER = .)

.bss_RAM3       0x14000000        0x0
                [!provide]                        PROVIDE (__start_bss_RAM3 = .)
                [!provide]                        PROVIDE (__start_bss_FLEX_RAM = .)
 *(SORT_BY_ALIGNMENT(.bss.$RAM3))
 *(SORT_BY_ALIGNMENT(.bss.$FLEX_RAM))
 *(SORT_BY_ALIGNMENT(.bss.$RAM3.*))
 *(SORT_BY_ALIGNMENT(.bss.$FLEX_RAM.*))
                0x14000000                        . = ALIGN ((. != 0x0)?0x8:0x1)
                [!provide]                        PROVIDE (__end_bss_RAM3 = .)
                [!provide]                        PROVIDE (__end_bss_FLEX_RAM = .)

.bss            0x20000000      0x290
                0x20000000                        _bss = .
                [!provide]                        PROVIDE (__start_bss_RAM = .)
                [!provide]                        PROVIDE (__start_bss_SRAM_UPPER = .)
 *(SORT_BY_ALIGNMENT(.bss*))
 .bss.cb        0x20000000        0x4 ./source/drv/SysTick.o
 .bss.callback_tbl
                0x20000004      0x280 ./source/drv/gpio.o
                0x20000004                callback_tbl
 .bss.already_initialized.0
                0x20000284        0x4 ./source/drv/shift_registers.o
 .bss.__LDM_interruptDisableCount
                0x20000288        0x4 ./SDK/startup/hardware.o
 *(SORT_BY_ALIGNMENT(COMMON))
                0x20000290                        . = ALIGN (0x8)
 *fill*         0x2000028c        0x4 
                0x20000290                        _ebss = .
                [!provide]                        PROVIDE (__end_bss_RAM = .)
                [!provide]                        PROVIDE (__end_bss_SRAM_UPPER = .)
                [!provide]                        PROVIDE (end = .)

.noinit_RAM2    0x1fff0000        0x0
                [!provide]                        PROVIDE (__start_noinit_RAM2 = .)
                [!provide]                        PROVIDE (__start_noinit_SRAM_LOWER = .)
 *(SORT_BY_ALIGNMENT(.noinit.$RAM2))
 *(SORT_BY_ALIGNMENT(.noinit.$SRAM_LOWER))
 *(SORT_BY_ALIGNMENT(.noinit.$RAM2.*))
 *(SORT_BY_ALIGNMENT(.noinit.$SRAM_LOWER.*))
                0x1fff0000                        . = ALIGN (0x8)
                [!provide]                        PROVIDE (__end_noinit_RAM2 = .)
                [!provide]                        PROVIDE (__end_noinit_SRAM_LOWER = .)

.noinit_RAM3    0x14000000        0x0
                [!provide]                        PROVIDE (__start_noinit_RAM3 = .)
                [!provide]                        PROVIDE (__start_noinit_FLEX_RAM = .)
 *(SORT_BY_ALIGNMENT(.noinit.$RAM3))
 *(SORT_BY_ALIGNMENT(.noinit.$FLEX_RAM))
 *(SORT_BY_ALIGNMENT(.noinit.$RAM3.*))
 *(SORT_BY_ALIGNMENT(.noinit.$FLEX_RAM.*))
                0x14000000                        . = ALIGN (0x8)
                [!provide]                        PROVIDE (__end_noinit_RAM3 = .)
                [!provide]                        PROVIDE (__end_noinit_FLEX_RAM = .)

.noinit         0x20000290        0x0
                0x20000290                        _noinit = .
                [!provide]                        PROVIDE (__start_noinit_RAM = .)
                [!provide]                        PROVIDE (__start_noinit_SRAM_UPPER = .)
 *(SORT_BY_ALIGNMENT(.noinit*))
                0x20000290                        . = ALIGN (0x8)
                0x20000290                        _end_noinit = .
                [!provide]                        PROVIDE (__end_noinit_RAM = .)
                [!provide]                        PROVIDE (__end_noinit_SRAM_UPPER = .)
                0x00001000                        _HeapSize = 0x1000

.heap           0x20000290     0x1000
                0x20000290                        _pvHeapStart = .
                0x20001290                        . = (. + _HeapSize)
 *fill*         0x20000290     0x1000 
                0x20001290                        . = ALIGN (0x8)
                0x20001290                        _pvHeapLimit = .
                0x00001000                        _StackSize = 0x1000

.heap2stackfill
                0x20001290     0x1000
                0x20002290                        . = (. + _StackSize)
 *fill*         0x20001290     0x1000 

.stack          0x2002f000        0x0
                0x2002f000                        _vStackBase = .
                0x2002f000                        . = ALIGN (0x8)
                0x20030000                        _vStackTop = (. + _StackSize)
                0x00000000                        _image_start = LOADADDR (.text)
                0x00000e60                        _image_end = (LOADADDR (.data) + SIZEOF (.data))
                0x00000e60                        _image_size = (_image_end - _image_start)
OUTPUT(MyBlink.axf elf32-littlearm)
LOAD linker stubs

.debug_info     0x00000000     0x293a
 .debug_info    0x00000000      0x15d ./source/drv/SysTick.o
 .debug_info    0x0000015d      0x8f7 ./source/drv/gpio.o
 .debug_info    0x00000a54      0x15c ./source/drv/shift_registers.o
 .debug_info    0x00000bb0      0x18a ./source/app/App.o
 .debug_info    0x00000d3a      0x11d ./source/display.o
 .debug_info    0x00000e57      0x6b2 ./SDK/startup/hardware.o
 .debug_info    0x00001509       0xae ./SDK/startup/main.o
 .debug_info    0x000015b7       0x3c ./SDK/startup/semihost_hardfault.o
 .debug_info    0x000015f3      0xd0c ./SDK/startup/startup_mk64f12.o
 .debug_info    0x000022ff      0x63b ./SDK/CMSIS/system_MK64F12.o

.debug_abbrev   0x00000000      0xaa7
 .debug_abbrev  0x00000000      0x110 ./source/drv/SysTick.o
 .debug_abbrev  0x00000110      0x226 ./source/drv/gpio.o
 .debug_abbrev  0x00000336       0xdf ./source/drv/shift_registers.o
 .debug_abbrev  0x00000415      0x12a ./source/app/App.o
 .debug_abbrev  0x0000053f       0xcb ./source/display.o
 .debug_abbrev  0x0000060a      0x12e ./SDK/startup/hardware.o
 .debug_abbrev  0x00000738       0x5c ./SDK/startup/main.o
 .debug_abbrev  0x00000794       0x31 ./SDK/startup/semihost_hardfault.o
 .debug_abbrev  0x000007c5      0x19a ./SDK/startup/startup_mk64f12.o
 .debug_abbrev  0x0000095f      0x148 ./SDK/CMSIS/system_MK64F12.o

.debug_aranges  0x00000000      0x4f8
 .debug_aranges
                0x00000000       0x30 ./source/drv/SysTick.o
 .debug_aranges
                0x00000030       0x70 ./source/drv/gpio.o
 .debug_aranges
                0x000000a0       0x28 ./source/drv/shift_registers.o
 .debug_aranges
                0x000000c8       0x38 ./source/app/App.o
 .debug_aranges
                0x00000100       0x28 ./source/display.o
 .debug_aranges
                0x00000128       0x30 ./SDK/startup/hardware.o
 .debug_aranges
                0x00000158       0x20 ./SDK/startup/main.o
 .debug_aranges
                0x00000178       0x20 ./SDK/startup/semihost_hardfault.o
 .debug_aranges
                0x00000198      0x330 ./SDK/startup/startup_mk64f12.o
 .debug_aranges
                0x000004c8       0x30 ./SDK/CMSIS/system_MK64F12.o

.debug_ranges   0x00000000      0x458
 .debug_ranges  0x00000000       0x20 ./source/drv/SysTick.o
 .debug_ranges  0x00000020       0x60 ./source/drv/gpio.o
 .debug_ranges  0x00000080       0x18 ./source/drv/shift_registers.o
 .debug_ranges  0x00000098       0x28 ./source/app/App.o
 .debug_ranges  0x000000c0       0x18 ./source/display.o
 .debug_ranges  0x000000d8       0x20 ./SDK/startup/hardware.o
 .debug_ranges  0x000000f8       0x10 ./SDK/startup/main.o
 .debug_ranges  0x00000108       0x10 ./SDK/startup/semihost_hardfault.o
 .debug_ranges  0x00000118      0x320 ./SDK/startup/startup_mk64f12.o
 .debug_ranges  0x00000438       0x20 ./SDK/CMSIS/system_MK64F12.o

.debug_macro    0x00000000    0x118d7
 .debug_macro   0x00000000       0xbd ./source/drv/SysTick.o
 .debug_macro   0x000000bd      0xad8 ./source/drv/SysTick.o
 .debug_macro   0x00000b95       0x22 ./source/drv/SysTick.o
 .debug_macro   0x00000bb7      0x190 ./source/drv/SysTick.o
 .debug_macro   0x00000d47      0x34e ./source/drv/SysTick.o
 .debug_macro   0x00001095       0x10 ./source/drv/SysTick.o
 .debug_macro   0x000010a5       0x5c ./source/drv/SysTick.o
 .debug_macro   0x00001101       0x1c ./source/drv/SysTick.o
 .debug_macro   0x0000111d       0x22 ./source/drv/SysTick.o
 .debug_macro   0x0000113f       0xd9 ./source/drv/SysTick.o
 .debug_macro   0x00001218      0xecf ./source/drv/SysTick.o
 .debug_macro   0x000020e7       0x48 ./source/drv/SysTick.o
 .debug_macro   0x0000212f     0xe07b ./source/drv/SysTick.o
 .debug_macro   0x000101aa     0x122b ./source/drv/SysTick.o
 .debug_macro   0x000113d5       0x16 ./source/drv/SysTick.o
 .debug_macro   0x000113eb       0x4c ./source/drv/SysTick.o
 .debug_macro   0x00011437       0x5e ./source/drv/SysTick.o
 .debug_macro   0x00011495       0xbe ./source/drv/gpio.o
 .debug_macro   0x00011553       0x46 ./source/drv/gpio.o
 .debug_macro   0x00011599       0x76 ./source/drv/shift_registers.o
 .debug_macro   0x0001160f       0x22 ./source/drv/shift_registers.o
 .debug_macro   0x00011631       0x76 ./source/app/App.o
 .debug_macro   0x000116a7       0x10 ./source/app/App.o
 .debug_macro   0x000116b7       0x2e ./source/display.o
 .debug_macro   0x000116e5       0x9c ./SDK/startup/hardware.o
 .debug_macro   0x00011781       0x9c ./SDK/startup/main.o
 .debug_macro   0x0001181d       0x11 ./SDK/startup/semihost_hardfault.o
 .debug_macro   0x0001182e       0x29 ./SDK/startup/startup_mk64f12.o
 .debug_macro   0x00011857       0x80 ./SDK/CMSIS/system_MK64F12.o

.debug_line     0x00000000     0x1df7
 .debug_line    0x00000000      0x23c ./source/drv/SysTick.o
 .debug_line    0x0000023c      0x531 ./source/drv/gpio.o
 .debug_line    0x0000076d      0x195 ./source/drv/shift_registers.o
 .debug_line    0x00000902      0x1c9 ./source/app/App.o
 .debug_line    0x00000acb      0x134 ./source/display.o
 .debug_line    0x00000bff      0x2b5 ./SDK/startup/hardware.o
 .debug_line    0x00000eb4      0x1b5 ./SDK/startup/main.o
 .debug_line    0x00001069       0x5f ./SDK/startup/semihost_hardfault.o
 .debug_line    0x000010c8      0xa0d ./SDK/startup/startup_mk64f12.o
 .debug_line    0x00001ad5      0x322 ./SDK/CMSIS/system_MK64F12.o

.debug_str      0x00000000    0x7892f
 .debug_str     0x00000000    0x7892f ./source/drv/SysTick.o
                              0x7771a (size before relaxing)
 .debug_str     0x0007892f    0x77cfe ./source/drv/gpio.o
 .debug_str     0x0007892f     0x3cf5 ./source/drv/shift_registers.o
 .debug_str     0x0007892f     0x3c8d ./source/app/App.o
 .debug_str     0x0007892f     0x39ad ./source/display.o
 .debug_str     0x0007892f    0x7734b ./SDK/startup/hardware.o
 .debug_str     0x0007892f    0x77158 ./SDK/startup/main.o
 .debug_str     0x0007892f     0x2ebf ./SDK/startup/semihost_hardfault.o
 .debug_str     0x0007892f     0x374b ./SDK/startup/startup_mk64f12.o
 .debug_str     0x0007892f    0x7726a ./SDK/CMSIS/system_MK64F12.o

.comment        0x00000000       0x45
 .comment       0x00000000       0x45 ./source/drv/SysTick.o
                                 0x46 (size before relaxing)
 .comment       0x00000045       0x46 ./source/drv/gpio.o
 .comment       0x00000045       0x46 ./source/drv/shift_registers.o
 .comment       0x00000045       0x46 ./source/app/App.o
 .comment       0x00000045       0x46 ./source/display.o
 .comment       0x00000045       0x46 ./SDK/startup/hardware.o
 .comment       0x00000045       0x46 ./SDK/startup/main.o
 .comment       0x00000045       0x46 ./SDK/startup/semihost_hardfault.o
 .comment       0x00000045       0x46 ./SDK/startup/startup_mk64f12.o
 .comment       0x00000045       0x46 ./SDK/CMSIS/system_MK64F12.o

.ARM.attributes
                0x00000000       0x34
 .ARM.attributes
                0x00000000       0x34 ./source/drv/SysTick.o
 .ARM.attributes
                0x00000034       0x34 ./source/drv/gpio.o
 .ARM.attributes
                0x00000068       0x34 ./source/drv/shift_registers.o
 .ARM.attributes
                0x0000009c       0x34 ./source/app/App.o
 .ARM.attributes
                0x000000d0       0x34 ./source/display.o
 .ARM.attributes
                0x00000104       0x34 ./SDK/startup/hardware.o
 .ARM.attributes
                0x00000138       0x34 ./SDK/startup/main.o
 .ARM.attributes
                0x0000016c       0x34 ./SDK/startup/semihost_hardfault.o
 .ARM.attributes
                0x000001a0       0x34 ./SDK/startup/startup_mk64f12.o
 .ARM.attributes
                0x000001d4       0x34 ./SDK/CMSIS/system_MK64F12.o

.debug_frame    0x00000000      0xdec
 .debug_frame   0x00000000       0x84 ./source/drv/SysTick.o
 .debug_frame   0x00000084      0x1ec ./source/drv/gpio.o
 .debug_frame   0x00000270       0x50 ./source/drv/shift_registers.o
 .debug_frame   0x000002c0       0x9c ./source/app/App.o
 .debug_frame   0x0000035c       0x5c ./source/display.o
 .debug_frame   0x000003b8       0x70 ./SDK/startup/hardware.o
 .debug_frame   0x00000428       0x2c ./SDK/startup/main.o
 .debug_frame   0x00000454       0x20 ./SDK/startup/semihost_hardfault.o
 .debug_frame   0x00000474      0x904 ./SDK/startup/startup_mk64f12.o
 .debug_frame   0x00000d78       0x74 ./SDK/CMSIS/system_MK64F12.o

.debug_loc      0x00000000      0x1f9
 .debug_loc     0x00000000      0x1f9 ./SDK/startup/startup_mk64f12.o
